Component: ARM Compiler 5.06 update 6 (build 750) Tool: armlink [4d35ed]

==============================================================================

Section Cross References

    main.o(i.advertising_init) refers to memseta.o(.text) for __aeabi_memclr4
    main.o(i.advertising_init) refers to ble_advdata.o(i.ble_advdata_set) for ble_advdata_set
    main.o(i.advertising_init) refers to app_error.o(i.app_error_handler_bare) for app_error_handler_bare
    main.o(i.advertising_init) refers to main.o(.data) for .data
    main.o(i.advertising_init) refers to main.o(.bss) for .bss
    main.o(i.advertising_update) refers to memseta.o(.text) for __aeabi_memclr4
    main.o(i.advertising_update) refers to ble_advdata.o(i.ble_advdata_set) for ble_advdata_set
    main.o(i.advertising_update) refers to app_error.o(i.app_error_handler_bare) for app_error_handler_bare
    main.o(i.advertising_update) refers to bsp.o(i.bsp_indication_set) for bsp_indication_set
    main.o(i.advertising_update) refers to main.o(.data) for .data
    main.o(i.advertising_update) refers to main.o(.bss) for .bss
    main.o(i.assert_nrf_callback) refers to app_error.o(i.app_error_handler) for app_error_handler
    main.o(i.main) refers to appled.o(i.led_init) for led_init
    main.o(i.main) refers to app_timer.o(i.app_timer_init) for app_timer_init
    main.o(i.main) refers to app_error.o(i.app_error_handler_bare) for app_error_handler_bare
    main.o(i.main) refers to bsp.o(i.bsp_init) for bsp_init
    main.o(i.main) refers to softdevice_handler.o(i.softdevice_handler_init) for softdevice_handler_init
    main.o(i.main) refers to softdevice_handler.o(i.softdevice_enable_get_default_config) for softdevice_enable_get_default_config
    main.o(i.main) refers to softdevice_handler.o(i.softdevice_enable) for softdevice_enable
    main.o(i.main) refers to main.o(i.advertising_init) for advertising_init
    main.o(i.main) refers to bsp.o(i.bsp_indication_set) for bsp_indication_set
    main.o(i.main) refers to appled.o(i.led_toggle) for led_toggle
    main.o(i.main) refers to main.o(i.advertising_update) for advertising_update
    main.o(i.main) refers to main.o(.bss) for .bss
    main.o(i.main) refers to main.o(.constdata) for .constdata
    main.o(i.main) refers to main.o(.data) for .data
    main.o(i.main) refers to system_nrf51.o(.data) for SystemCoreClock
    boards.o(i.bsp_board_button_idx_to_pin) refers to boards.o(.constdata) for .constdata
    boards.o(i.bsp_board_button_state_get) refers to boards.o(.constdata) for .constdata
    boards.o(i.bsp_board_buttons_init) refers to boards.o(i.nrf_gpio_cfg) for nrf_gpio_cfg
    boards.o(i.bsp_board_buttons_init) refers to boards.o(.constdata) for .constdata
    boards.o(i.bsp_board_led_idx_to_pin) refers to boards.o(.constdata) for .constdata
    boards.o(i.bsp_board_led_invert) refers to boards.o(.constdata) for .constdata
    boards.o(i.bsp_board_led_off) refers to boards.o(i.nrf_gpio_pin_write) for nrf_gpio_pin_write
    boards.o(i.bsp_board_led_off) refers to boards.o(.constdata) for .constdata
    boards.o(i.bsp_board_led_on) refers to boards.o(i.nrf_gpio_pin_write) for nrf_gpio_pin_write
    boards.o(i.bsp_board_led_on) refers to boards.o(.constdata) for .constdata
    boards.o(i.bsp_board_led_state_get) refers to boards.o(.constdata) for .constdata
    boards.o(i.bsp_board_leds_init) refers to boards.o(i.nrf_gpio_cfg) for nrf_gpio_cfg
    boards.o(i.bsp_board_leds_init) refers to boards.o(i.bsp_board_leds_off) for bsp_board_leds_off
    boards.o(i.bsp_board_leds_init) refers to boards.o(.constdata) for .constdata
    boards.o(i.bsp_board_leds_off) refers to boards.o(i.bsp_board_led_off) for bsp_board_led_off
    boards.o(i.bsp_board_leds_on) refers to boards.o(i.bsp_board_led_on) for bsp_board_led_on
    boards.o(i.bsp_board_pin_to_button_idx) refers to boards.o(.constdata) for .constdata
    boards.o(i.bsp_board_pin_to_led_idx) refers to boards.o(.constdata) for .constdata
    bsp.o(i.alert_timer_handler) refers to boards.o(i.bsp_board_led_invert) for bsp_board_led_invert
    bsp.o(i.bsp_button_event_handler) refers to boards.o(i.bsp_board_pin_to_button_idx) for bsp_board_pin_to_button_idx
    bsp.o(i.bsp_button_event_handler) refers to app_timer.o(i.app_timer_start) for app_timer_start
    bsp.o(i.bsp_button_event_handler) refers to app_timer.o(i.app_timer_stop) for app_timer_stop
    bsp.o(i.bsp_button_event_handler) refers to bsp.o(.constdata) for .constdata
    bsp.o(i.bsp_button_event_handler) refers to bsp.o(.bss) for .bss
    bsp.o(i.bsp_button_event_handler) refers to bsp.o(.data) for .data
    bsp.o(i.bsp_button_is_pressed) refers to boards.o(i.bsp_board_button_state_get) for bsp_board_button_state_get
    bsp.o(i.bsp_buttons_disable) refers to app_button.o(i.app_button_disable) for app_button_disable
    bsp.o(i.bsp_buttons_enable) refers to app_button.o(i.app_button_enable) for app_button_enable
    bsp.o(i.bsp_event_to_button_action_assign) refers to bsp.o(.bss) for .bss
[...]
    segger_rtt.o(i.SEGGER_RTT_Read) refers to app_util_platform.o(i.app_util_critical_region_exit) for app_util_critical_region_exit
    segger_rtt.o(i.SEGGER_RTT_ReadNoLock) refers to segger_rtt.o(i._DoInit) for _DoInit
    segger_rtt.o(i.SEGGER_RTT_ReadNoLock) refers to memcpya.o(.text) for __aeabi_memcpy
    segger_rtt.o(i.SEGGER_RTT_ReadNoLock) refers to segger_rtt.o(.bss) for .bss
    segger_rtt.o(i.SEGGER_RTT_SetNameDownBuffer) refers to segger_rtt.o(i._DoInit) for _DoInit
    segger_rtt.o(i.SEGGER_RTT_SetNameDownBuffer) refers to app_util_platform.o(i.app_util_critical_region_enter) for app_util_critical_region_enter
    segger_rtt.o(i.SEGGER_RTT_SetNameDownBuffer) refers to app_util_platform.o(i.app_util_critical_region_exit) for app_util_critical_region_exit
    segger_rtt.o(i.SEGGER_RTT_SetNameDownBuffer) refers to segger_rtt.o(.bss) for .bss
    segger_rtt.o(i.SEGGER_RTT_SetNameUpBuffer) refers to segger_rtt.o(i._DoInit) for _DoInit
    segger_rtt.o(i.SEGGER_RTT_SetNameUpBuffer) refers to app_util_platform.o(i.app_util_critical_region_enter) for app_util_critical_region_enter
    segger_rtt.o(i.SEGGER_RTT_SetNameUpBuffer) refers to app_util_platform.o(i.app_util_critical_region_exit) for app_util_critical_region_exit
    segger_rtt.o(i.SEGGER_RTT_SetNameUpBuffer) refers to segger_rtt.o(.bss) for .bss
    segger_rtt.o(i.SEGGER_RTT_SetTerminal) refers to segger_rtt.o(i._DoInit) for _DoInit
    segger_rtt.o(i.SEGGER_RTT_SetTerminal) refers to app_util_platform.o(i.app_util_critical_region_enter) for app_util_critical_region_enter
    segger_rtt.o(i.SEGGER_RTT_SetTerminal) refers to segger_rtt.o(i._GetAvailWriteSpace) for _GetAvailWriteSpace
    segger_rtt.o(i.SEGGER_RTT_SetTerminal) refers to segger_rtt.o(i._WriteNoCheck) for _WriteNoCheck
    segger_rtt.o(i.SEGGER_RTT_SetTerminal) refers to segger_rtt.o(i._WriteBlocking) for _WriteBlocking
    segger_rtt.o(i.SEGGER_RTT_SetTerminal) refers to app_util_platform.o(i.app_util_critical_region_exit) for app_util_critical_region_exit
    segger_rtt.o(i.SEGGER_RTT_SetTerminal) refers to segger_rtt.o(.bss) for .bss
    segger_rtt.o(i.SEGGER_RTT_SetTerminal) refers to segger_rtt.o(.data) for .data
    segger_rtt.o(i.SEGGER_RTT_TerminalOut) refers to segger_rtt.o(i._DoInit) for _DoInit
    segger_rtt.o(i.SEGGER_RTT_TerminalOut) refers to strlen.o(.text) for strlen
    segger_rtt.o(i.SEGGER_RTT_TerminalOut) refers to app_util_platform.o(i.app_util_critical_region_enter) for app_util_critical_region_enter
    segger_rtt.o(i.SEGGER_RTT_TerminalOut) refers to segger_rtt.o(i._GetAvailWriteSpace) for _GetAvailWriteSpace
    segger_rtt.o(i.SEGGER_RTT_TerminalOut) refers to segger_rtt.o(i._PostTerminalSwitch) for _PostTerminalSwitch
    segger_rtt.o(i.SEGGER_RTT_TerminalOut) refers to segger_rtt.o(i._WriteBlocking) for _WriteBlocking
    segger_rtt.o(i.SEGGER_RTT_TerminalOut) refers to app_util_platform.o(i.app_util_critical_region_exit) for app_util_critical_region_exit
    segger_rtt.o(i.SEGGER_RTT_TerminalOut) refers to segger_rtt.o(.bss) for .bss
    segger_rtt.o(i.SEGGER_RTT_TerminalOut) refers to segger_rtt.o(.data) for .data
    segger_rtt.o(i.SEGGER_RTT_WaitKey) refers to segger_rtt.o(i.SEGGER_RTT_GetKey) for SEGGER_RTT_GetKey
    segger_rtt.o(i.SEGGER_RTT_Write) refers to segger_rtt.o(i._DoInit) for _DoInit
    segger_rtt.o(i.SEGGER_RTT_Write) refers to app_util_platform.o(i.app_util_critical_region_enter) for app_util_critical_region_enter
    segger_rtt.o(i.SEGGER_RTT_Write) refers to segger_rtt.o(i.SEGGER_RTT_WriteNoLock) for SEGGER_RTT_WriteNoLock
    segger_rtt.o(i.SEGGER_RTT_Write) refers to app_util_platform.o(i.app_util_critical_region_exit) for app_util_critical_region_exit
    segger_rtt.o(i.SEGGER_RTT_Write) refers to segger_rtt.o(.bss) for .bss
    segger_rtt.o(i.SEGGER_RTT_WriteNoLock) refers to segger_rtt.o(i._GetAvailWriteSpace) for _GetAvailWriteSpace
    segger_rtt.o(i.SEGGER_RTT_WriteNoLock) refers to segger_rtt.o(i._WriteNoCheck) for _WriteNoCheck
    segger_rtt.o(i.SEGGER_RTT_WriteNoLock) refers to segger_rtt.o(i._WriteBlocking) for _WriteBlocking
    segger_rtt.o(i.SEGGER_RTT_WriteNoLock) refers to segger_rtt.o(.bss) for .bss
    segger_rtt.o(i.SEGGER_RTT_WriteSkipNoLock) refers to memcpya.o(.text) for __aeabi_memcpy
    segger_rtt.o(i.SEGGER_RTT_WriteSkipNoLock) refers to segger_rtt.o(.bss) for .bss
    segger_rtt.o(i.SEGGER_RTT_WriteString) refers to strlen.o(.text) for strlen
    segger_rtt.o(i.SEGGER_RTT_WriteString) refers to segger_rtt.o(i.SEGGER_RTT_Write) for SEGGER_RTT_Write
    segger_rtt.o(i._DoInit) refers to strcpy.o(.text) for strcpy
    segger_rtt.o(i._DoInit) refers to segger_rtt.o(.bss) for .bss
    segger_rtt.o(i._PostTerminalSwitch) refers to segger_rtt.o(i._WriteBlocking) for _WriteBlocking
    segger_rtt.o(i._PostTerminalSwitch) refers to segger_rtt.o(.data) for .data
    segger_rtt.o(i._WriteBlocking) refers to memcpya.o(.text) for __aeabi_memcpy
    segger_rtt.o(i._WriteNoCheck) refers to memcpya.o(.text) for __aeabi_memcpy
    softdevice_handler.o(i.SWI2_IRQHandler) refers to app_error.o(i.app_error_handler_bare) for app_error_handler_bare
    softdevice_handler.o(i.SWI2_IRQHandler) refers to softdevice_handler.o(i.intern_softdevice_events_execute) for intern_softdevice_events_execute
    softdevice_handler.o(i.SWI2_IRQHandler) refers to softdevice_handler.o(.data) for .data
    softdevice_handler.o(i.intern_softdevice_events_execute) refers to app_error.o(i.app_error_handler_bare) for app_error_handler_bare
    softdevice_handler.o(i.intern_softdevice_events_execute) refers to nrf_drv_clock.o(i.nrf_drv_clock_on_soc_event) for nrf_drv_clock_on_soc_event
    softdevice_handler.o(i.intern_softdevice_events_execute) refers to softdevice_handler.o(.data) for .data
    softdevice_handler.o(i.sd_nvic_EnableIRQ) refers to softdevice_handler.o(i.__sd_nvic_app_accessible_irq) for __sd_nvic_app_accessible_irq
    softdevice_handler.o(i.sd_nvic_EnableIRQ) refers to softdevice_handler.o(i.__NVIC_EnableIRQ) for __NVIC_EnableIRQ
    softdevice_handler.o(i.sd_nvic_EnableIRQ) refers to app_util_platform.o(.data) for nrf_nvic_state
    softdevice_handler.o(i.softdevice_ble_evt_handler_set) refers to softdevice_handler.o(.data) for .data
    softdevice_handler.o(i.softdevice_enable_get_default_config) refers to memseta.o(.text) for __aeabi_memclr4
    softdevice_handler.o(i.softdevice_fault_handler) refers to app_error_weak.o(i.app_error_fault_handler) for app_error_fault_handler
    softdevice_handler.o(i.softdevice_handler_init) refers to softdevice_handler.o(i.__NVIC_DisableIRQ) for __NVIC_DisableIRQ
    softdevice_handler.o(i.softdevice_handler_init) refers to softdevice_handler.o(i.__NVIC_EnableIRQ) for __NVIC_EnableIRQ
    softdevice_handler.o(i.softdevice_handler_init) refers to nrf_drv_clock.o(i.nrf_drv_clock_on_sd_enable) for nrf_drv_clock_on_sd_enable
    softdevice_handler.o(i.softdevice_handler_init) refers to softdevice_handler.o(i.sd_nvic_EnableIRQ) for sd_nvic_EnableIRQ
    softdevice_handler.o(i.softdevice_handler_init) refers to softdevice_handler.o(.data) for .data
    softdevice_handler.o(i.softdevice_handler_init) refers to softdevice_handler.o(i.softdevice_fault_handler) for softdevice_fault_handler
    softdevice_handler.o(i.softdevice_handler_is_enabled) refers to softdevice_handler.o(.data) for .data
    softdevice_handler.o(i.softdevice_handler_is_suspended) refers to softdevice_handler.o(.data) for .data
    softdevice_handler.o(i.softdevice_handler_resume) refers to softdevice_handler.o(i.__sd_nvic_app_accessible_irq) for __sd_nvic_app_accessible_irq
    softdevice_handler.o(i.softdevice_handler_resume) refers to app_error.o(i.app_error_handler_bare) for app_error_handler_bare
    softdevice_handler.o(i.softdevice_handler_resume) refers to softdevice_handler.o(i.sd_nvic_EnableIRQ) for sd_nvic_EnableIRQ
    softdevice_handler.o(i.softdevice_handler_resume) refers to softdevice_handler.o(.data) for .data
    softdevice_handler.o(i.softdevice_handler_sd_disable) refers to nrf_drv_clock.o(i.nrf_drv_clock_on_sd_disable) for nrf_drv_clock_on_sd_disable
    softdevice_handler.o(i.softdevice_handler_sd_disable) refers to softdevice_handler.o(.data) for .data
    softdevice_handler.o(i.softdevice_handler_suspend) refers to softdevice_handler.o(i.__sd_nvic_app_accessible_irq) for __sd_nvic_app_accessible_irq
    softdevice_handler.o(i.softdevice_handler_suspend) refers to app_error.o(i.app_error_handler_bare) for app_error_handler_bare
    softdevice_handler.o(i.softdevice_handler_suspend) refers to softdevice_handler.o(i.__NVIC_DisableIRQ) for __NVIC_DisableIRQ
    softdevice_handler.o(i.softdevice_handler_suspend) refers to app_util_platform.o(.data) for nrf_nvic_state
    softdevice_handler.o(i.softdevice_handler_suspend) refers to softdevice_handler.o(.data) for .data
    softdevice_handler.o(i.softdevice_sys_evt_handler_set) refers to softdevice_handler.o(.data) for .data
    arm_startup_nrf51.o(RESET) refers to arm_startup_nrf51.o(STACK) for __initial_sp
    arm_startup_nrf51.o(RESET) refers to arm_startup_nrf51.o(.text) for Reset_Handler
    arm_startup_nrf51.o(RESET) refers to nrf_drv_clock.o(i.POWER_CLOCK_IRQHandler) for POWER_CLOCK_IRQHandler
    arm_startup_nrf51.o(RESET) refers to nrf_drv_uart.o(i.UART0_IRQHandler) for UART0_IRQHandler
    arm_startup_nrf51.o(RESET) refers to nrf_drv_gpiote.o(i.GPIOTE_IRQHandler) for GPIOTE_IRQHandler
    arm_startup_nrf51.o(RESET) refers to app_timer.o(i.RTC1_IRQHandler) for RTC1_IRQHandler
    arm_startup_nrf51.o(RESET) refers to app_timer.o(i.SWI0_IRQHandler) for SWI0_IRQHandler
    arm_startup_nrf51.o(RESET) refers to softdevice_handler.o(i.SWI2_IRQHandler) for SWI2_IRQHandler
    arm_startup_nrf51.o(.text) refers to system_nrf51.o(i.SystemInit) for SystemInit
    arm_startup_nrf51.o(.text) refers to entry.o(.ARM.Collect$$$$00000000) for __main
    system_nrf51.o(i.SystemCoreClockUpdate) refers to system_nrf51.o(.data) for .data
    system_nrf51.o(i.SystemInit) refers to system_nrf51.o(i.nrf51_errata_26) for nrf51_errata_26
    system_nrf51.o(i.SystemInit) refers to system_nrf51.o(i.nrf51_errata_59) for nrf51_errata_59
    system_nrf51.o(i.SystemInit) refers to system_nrf51.o(i.nrf51_errata_76) for nrf51_errata_76
    system_nrf51.o(i.SystemInit) refers to system_nrf51.o(.data) for .data
    system_nrf51.o(i.nrf51_errata_26) refers to bsp.o(i.__ARM_common_switch8) for __ARM_common_switch8
    system_nrf51.o(i.nrf51_errata_59) refers to bsp.o(i.__ARM_common_switch8) for __ARM_common_switch8
    system_nrf51.o(i.nrf51_errata_76) refers to bsp.o(i.__ARM_common_switch8) for __ARM_common_switch8
    entry.o(.ARM.Collect$$$$00000000) refers (Special) to entry10a.o(.ARM.Collect$$$$0000000D) for __rt_final_cpp
    entry.o(.ARM.Collect$$$$00000000) refers (Special) to entry11a.o(.ARM.Collect$$$$0000000F) for __rt_final_exit
    entry.o(.ARM.Collect$$$$00000000) refers (Special) to entry7b.o(.ARM.Collect$$$$00000008) for _main_clock
    entry.o(.ARM.Collect$$$$00000000) refers (Special) to entry8b.o(.ARM.Collect$$$$0000000A) for _main_cpp_init
    entry.o(.ARM.Collect$$$$00000000) refers (Special) to entry9a.o(.ARM.Collect$$$$0000000B) for _main_init
    entry.o(.ARM.Collect$$$$00000000) refers (Special) to entry5.o(.ARM.Collect$$$$00000004) for _main_scatterload
    entry.o(.ARM.Collect$$$$00000000) refers (Special) to entry2.o(.ARM.Collect$$$$00000001) for _main_stk
    entry2.o(.ARM.Collect$$$$00000001) refers to entry2.o(.ARM.Collect$$$$00002712) for __lit__00000000
    entry2.o(.ARM.Collect$$$$00002712) refers to arm_startup_nrf51.o(STACK) for __initial_sp
    entry2.o(__vectab_stack_and_reset_area) refers to arm_startup_nrf51.o(STACK) for __initial_sp
    entry2.o(__vectab_stack_and_reset_area) refers to entry.o(.ARM.Collect$$$$00000000) for __main
    entry5.o(.ARM.Collect$$$$00000004) refers to init.o(.text) for __scatterload
    entry9a.o(.ARM.Collect$$$$0000000B) refers to main.o(i.main) for main
    entry9b.o(.ARM.Collect$$$$0000000C) refers to main.o(i.main) for main
    init.o(.text) refers to entry5.o(.ARM.Collect$$$$00000004) for __main_after_scatterload


==============================================================================

Removing Unused input sections from the image.

    Removing main.o(.rev16_text), (4 bytes).
    Removing main.o(.revsh_text), (4 bytes).
    Removing main.o(i.assert_nrf_callback), (20 bytes).
    Removing appled.o(.rev16_text), (4 bytes).
    Removing appled.o(.revsh_text), (4 bytes).
    Removing appled.o(i.led_off), (16 bytes).
    Removing appled.o(i.led_on), (16 bytes).
    Removing boards.o(.rev16_text), (4 bytes).
    Removing boards.o(.revsh_text), (4 bytes).
    Removing boards.o(i.bsp_board_button_idx_to_pin), (12 bytes).
    Removing boards.o(i.bsp_board_button_state_get), (32 bytes).
    Removing boards.o(i.bsp_board_buttons_init), (36 bytes).
    Removing boards.o(i.bsp_board_led_idx_to_pin), (12 bytes).
    Removing boards.o(i.bsp_board_pin_to_led_idx), (36 bytes).
    Removing bsp.o(.rev16_text), (4 bytes).
    Removing bsp.o(.revsh_text), (4 bytes).
    Removing bsp.o(i.bsp_button_is_pressed), (8 bytes).
    Removing bsp.o(i.bsp_buttons_disable), (8 bytes).
    Removing bsp.o(i.bsp_buttons_enable), (8 bytes).
    Removing bsp.o(i.bsp_wakeup_button_disable), (16 bytes).
    Removing bsp.o(i.bsp_wakeup_button_enable), (16 bytes).
    Removing bsp.o(i.nrf_gpio_cfg_sense_set), (34 bytes).
    Removing bsp_nfc.o(.rev16_text), (4 bytes).
    Removing bsp_nfc.o(.revsh_text), (4 bytes).
    Removing bsp_nfc.o(i.bsp_nfc_btn_deinit), (12 bytes).
    Removing bsp_nfc.o(i.bsp_nfc_btn_init), (12 bytes).
    Removing bsp_nfc.o(i.bsp_nfc_sleep_mode_prepare), (4 bytes).
    Removing ble_advdata.o(.rev16_text), (4 bytes).
    Removing ble_advdata.o(.revsh_text), (4 bytes).
    Removing ble_conn_params.o(.rev16_text), (4 bytes).
    Removing ble_conn_params.o(.revsh_text), (4 bytes).
    Removing ble_conn_params.o(i.ble_conn_params_change_conn_params), (80 bytes).
    Removing ble_conn_params.o(i.ble_conn_params_init), (84 bytes).
    Removing ble_conn_params.o(i.ble_conn_params_on_ble_evt), (144 bytes).
    Removing ble_conn_params.o(i.ble_conn_params_stop), (16 bytes).
    Removing ble_conn_params.o(i.conn_params_negotiation), (104 bytes).
    Removing ble_conn_params.o(i.is_conn_params_ok), (28 bytes).
    Removing ble_conn_params.o(i.update_timeout_handler), (100 bytes).
    Removing ble_conn_params.o(.bss), (32 bytes).
    Removing ble_conn_params.o(.bss), (28 bytes).
    Removing ble_conn_params.o(.constdata), (4 bytes).
    Removing ble_conn_params.o(.data), (20 bytes).
    Removing ble_srv_common.o(.rev16_text), (4 bytes).
    Removing ble_srv_common.o(.revsh_text), (4 bytes).
    Removing ble_srv_common.o(i.ble_srv_ascii_to_utf8), (18 bytes).
    Removing ble_srv_common.o(i.ble_srv_is_indication_enabled), (14 bytes).
    Removing ble_srv_common.o(i.ble_srv_is_notification_enabled), (14 bytes).
    Removing ble_srv_common.o(i.ble_srv_report_ref_encode), (12 bytes).
    Removing ble_srv_common.o(i.characteristic_add), (404 bytes).
    Removing ble_srv_common.o(i.descriptor_add), (176 bytes).
    Removing ble_srv_common.o(i.set_security_req), (46 bytes).
    Removing nrf_drv_clock.o(.rev16_text), (4 bytes).
    Removing nrf_drv_clock.o(.revsh_text), (4 bytes).
    Removing nrf_drv_clock.o(i.hfclk_stop), (44 bytes).
    Removing nrf_drv_clock.o(i.item_enqueue), (22 bytes).
    Removing nrf_drv_clock.o(i.lfclk_stop), (36 bytes).
    Removing nrf_drv_clock.o(i.nrf_clock_hf_is_running), (32 bytes).
    Removing nrf_drv_clock.o(i.nrf_drv_clock_calibration_abort), (4 bytes).
    Removing nrf_drv_clock.o(i.nrf_drv_clock_calibration_start), (4 bytes).
    Removing nrf_drv_clock.o(i.nrf_drv_clock_hfclk_is_running), (32 bytes).
    Removing nrf_drv_clock.o(i.nrf_drv_clock_hfclk_release), (48 bytes).
    Removing nrf_drv_clock.o(i.nrf_drv_clock_hfclk_request), (120 bytes).
    Removing nrf_drv_clock.o(i.nrf_drv_clock_init_check), (12 bytes).
    Removing nrf_drv_clock.o(i.nrf_drv_clock_is_calibrating), (4 bytes).
    Removing nrf_drv_clock.o(i.nrf_drv_clock_lfclk_is_running), (28 bytes).
    Removing nrf_drv_clock.o(i.nrf_drv_clock_lfclk_release), (48 bytes).
    Removing nrf_drv_clock.o(i.nrf_drv_clock_lfclk_request), (108 bytes).
    Removing nrf_drv_clock.o(i.nrf_drv_clock_on_sd_disable), (16 bytes).
    Removing nrf_drv_clock.o(i.nrf_drv_clock_uninit), (40 bytes).
    Removing nrf_drv_clock.o(.constdata), (19 bytes).
    Removing nrf_drv_clock.o(.constdata), (32 bytes).
    Removing nrf_drv_clock.o(.constdata), (32 bytes).
    Removing nrf_drv_clock.o(.constdata), (29 bytes).
    Removing nrf_drv_common.o(.rev16_text), (4 bytes).
    Removing nrf_drv_common.o(.revsh_text), (4 bytes).
    Removing nrf_drv_common.o(i.nrf_drv_common_clock_irq_disable), (20 bytes).
    Removing nrf_drv_gpiote.o(.rev16_text), (4 bytes).
    Removing nrf_drv_gpiote.o(.revsh_text), (4 bytes).
    Removing nrf_drv_gpiote.o(i.nrf_drv_gpiote_in_event_addr_get), (40 bytes).
    Removing nrf_drv_gpiote.o(i.nrf_drv_gpiote_in_event_disable), (72 bytes).
    Removing nrf_drv_gpiote.o(i.nrf_drv_gpiote_in_uninit), (76 bytes).
    Removing nrf_drv_gpiote.o(i.nrf_drv_gpiote_out_clear), (16 bytes).
    Removing nrf_drv_gpiote.o(i.nrf_drv_gpiote_out_init), (152 bytes).
    Removing nrf_drv_gpiote.o(i.nrf_drv_gpiote_out_set), (16 bytes).
    Removing nrf_drv_gpiote.o(i.nrf_drv_gpiote_out_task_addr_get), (20 bytes).
    Removing nrf_drv_gpiote.o(i.nrf_drv_gpiote_out_task_disable), (32 bytes).
    Removing nrf_drv_gpiote.o(i.nrf_drv_gpiote_out_task_enable), (48 bytes).
    Removing nrf_drv_gpiote.o(i.nrf_drv_gpiote_out_task_force), (44 bytes).
    Removing nrf_drv_gpiote.o(i.nrf_drv_gpiote_out_task_trigger), (24 bytes).
    Removing nrf_drv_gpiote.o(i.nrf_drv_gpiote_out_toggle), (24 bytes).
    Removing nrf_drv_gpiote.o(i.nrf_drv_gpiote_out_uninit), (68 bytes).
    Removing nrf_drv_gpiote.o(i.nrf_drv_gpiote_uninit), (56 bytes).
    Removing nrf_drv_gpiote.o(i.nrf_gpio_cfg_default), (18 bytes).
    Removing nrf_drv_gpiote.o(.constdata), (20 bytes).
    Removing nrf_drv_gpiote.o(.constdata), (24 bytes).
    Removing nrf_drv_gpiote.o(.constdata), (23 bytes).
    Removing nrf_drv_uart.o(.rev16_text), (4 bytes).
    Removing nrf_drv_uart.o(.revsh_text), (4 bytes).
    Removing nrf_drv_uart.o(i.apply_config), (132 bytes).
    Removing nrf_drv_uart.o(i.nrf_drv_uart_errorsrc_get), (24 bytes).
    Removing nrf_drv_uart.o(i.nrf_drv_uart_init), (128 bytes).
    Removing nrf_drv_uart.o(i.nrf_drv_uart_rx), (92 bytes).
    Removing nrf_drv_uart.o(i.nrf_drv_uart_rx_abort), (22 bytes).
    Removing nrf_drv_uart.o(i.nrf_drv_uart_rx_disable), (28 bytes).
    Removing nrf_drv_uart.o(i.nrf_drv_uart_rx_enable), (44 bytes).
    Removing nrf_drv_uart.o(i.nrf_drv_uart_rx_for_uart), (168 bytes).
    Removing nrf_drv_uart.o(i.nrf_drv_uart_tx), (52 bytes).
    Removing nrf_drv_uart.o(i.nrf_drv_uart_tx_abort), (48 bytes).
    Removing nrf_drv_uart.o(i.nrf_drv_uart_tx_for_uart), (140 bytes).
    Removing nrf_drv_uart.o(i.nrf_drv_uart_tx_in_progress), (24 bytes).
    Removing nrf_drv_uart.o(i.nrf_drv_uart_uninit), (168 bytes).
    Removing nrf_drv_uart.o(i.nrf_gpio_cfg), (40 bytes).
    Removing nrf_drv_uart.o(i.nrf_gpio_cfg_default), (18 bytes).
    Removing nrf_drv_uart.o(i.nrf_gpio_cfg_input), (18 bytes).
    Removing nrf_drv_uart.o(i.nrf_gpio_cfg_output), (20 bytes).
    Removing nrf_drv_uart.o(i.rx_enable), (26 bytes).
    Removing nrf_drv_uart.o(.constdata), (18 bytes).
    Removing nrf_drv_uart.o(.constdata), (25 bytes).
    Removing nrf_drv_uart.o(.constdata), (16 bytes).
    Removing nrf_drv_uart.o(.constdata), (25 bytes).
    Removing nrf_drv_uart.o(.constdata), (16 bytes).
    Removing app_button.o(.rev16_text), (4 bytes).
    Removing app_button.o(.revsh_text), (4 bytes).
    Removing app_button.o(i.app_button_disable), (44 bytes).
    Removing app_button.o(i.app_button_is_pushed), (36 bytes).
    Removing app_error.o(.rev16_text), (4 bytes).
    Removing app_error.o(.revsh_text), (4 bytes).
    Removing app_error.o(i.app_error_handler), (28 bytes).
    Removing app_error.o(i.app_error_save_and_stop), (100 bytes).
    Removing app_error.o(.bss), (32 bytes).
    Removing app_error_weak.o(.rev16_text), (4 bytes).
    Removing app_error_weak.o(.revsh_text), (4 bytes).
    Removing app_timer.o(.rev16_text), (4 bytes).
    Removing app_timer.o(.revsh_text), (4 bytes).
    Removing app_timer.o(i.app_timer_cnt_diff_compute), (12 bytes).
    Removing app_timer.o(i.app_timer_cnt_get), (12 bytes).
    Removing app_timer.o(i.app_timer_stop_all), (28 bytes).
    Removing app_util_platform.o(.rev16_text), (4 bytes).
    Removing app_util_platform.o(.revsh_text), (4 bytes).
    Removing app_util_platform.o(i.app_util_disable_irq), (16 bytes).
    Removing app_util_platform.o(i.app_util_enable_irq), (20 bytes).
    Removing hardfault_implementation.o(.rev16_text), (4 bytes).
    Removing hardfault_implementation.o(.revsh_text), (4 bytes).
    Removing nrf_assert.o(.rev16_text), (4 bytes).
    Removing nrf_assert.o(.revsh_text), (4 bytes).
    Removing nrf_assert.o(i.assert_nrf_callback), (24 bytes).
    Removing nrf_log_backend_serial.o(.rev16_text), (4 bytes).
    Removing nrf_log_backend_serial.o(.revsh_text), (4 bytes).
    Removing nrf_log_frontend.o(.rev16_text), (4 bytes).
    Removing nrf_log_frontend.o(.revsh_text), (4 bytes).
    Removing segger_rtt.o(.rev16_text), (4 bytes).
    Removing segger_rtt.o(.revsh_text), (4 bytes).
    Removing segger_rtt.o(i.SEGGER_RTT_ConfigDownBuffer), (92 bytes).
    Removing segger_rtt.o(i.SEGGER_RTT_ConfigUpBuffer), (92 bytes).
    Removing segger_rtt.o(i.SEGGER_RTT_GetKey), (28 bytes).
    Removing segger_rtt.o(i.SEGGER_RTT_HasData), (20 bytes).
    Removing segger_rtt.o(i.SEGGER_RTT_HasKey), (36 bytes).
    Removing segger_rtt.o(i.SEGGER_RTT_Init), (20 bytes).
    Removing segger_rtt.o(i.SEGGER_RTT_Read), (44 bytes).
    Removing segger_rtt.o(i.SEGGER_RTT_ReadNoLock), (128 bytes).
    Removing segger_rtt.o(i.SEGGER_RTT_SetNameDownBuffer), (68 bytes).
    Removing segger_rtt.o(i.SEGGER_RTT_SetNameUpBuffer), (68 bytes).
    Removing segger_rtt.o(i.SEGGER_RTT_SetTerminal), (132 bytes).
    Removing segger_rtt.o(i.SEGGER_RTT_TerminalOut), (176 bytes).
    Removing segger_rtt.o(i.SEGGER_RTT_WaitKey), (12 bytes).
    Removing segger_rtt.o(i.SEGGER_RTT_Write), (60 bytes).
    Removing segger_rtt.o(i.SEGGER_RTT_WriteNoLock), (92 bytes).
    Removing segger_rtt.o(i.SEGGER_RTT_WriteSkipNoLock), (108 bytes).
    Removing segger_rtt.o(i.SEGGER_RTT_WriteString), (24 bytes).
    Removing segger_rtt.o(i._DoInit), (104 bytes).
    Removing segger_rtt.o(i._GetAvailWriteSpace), (22 bytes).
    Removing segger_rtt.o(i._PostTerminalSwitch), (32 bytes).
    Removing segger_rtt.o(i._WriteBlocking), (96 bytes).
    Removing segger_rtt.o(i._WriteNoCheck), (60 bytes).
    Removing segger_rtt.o(.bss), (200 bytes).
    Removing segger_rtt.o(.data), (17 bytes).
    Removing softdevice_handler.o(.rev16_text), (4 bytes).
    Removing softdevice_handler.o(.revsh_text), (4 bytes).
    Removing softdevice_handler.o(i.sd_check_ram_start), (16 bytes).
    Removing softdevice_handler.o(i.softdevice_ble_evt_handler_set), (20 bytes).
    Removing softdevice_handler.o(i.softdevice_handler_is_suspended), (12 bytes).
    Removing softdevice_handler.o(i.softdevice_handler_resume), (68 bytes).
    Removing softdevice_handler.o(i.softdevice_handler_sd_disable), (24 bytes).
    Removing softdevice_handler.o(i.softdevice_handler_suspend), (68 bytes).
    Removing softdevice_handler.o(i.softdevice_sys_evt_handler_set), (20 bytes).
    Removing arm_startup_nrf51.o(HEAP), (2048 bytes).
    Removing system_nrf51.o(.rev16_text), (4 bytes).
    Removing system_nrf51.o(.revsh_text), (4 bytes).
    Removing system_nrf51.o(i.SystemCoreClockUpdate), (16 bytes).

189 unused section(s) (total 8984 bytes) removed from the image.

==============================================================================

Image Symbol Table

    Local Symbols

    Symbol Name                              Value     Ov Type        Size  Object(Section)

    ../clib/microlib/division.c              0x00000000   Number         0  uidiv.o ABSOLUTE
    ../clib/microlib/init/entry.s            0x00000000   Number         0  entry5.o ABSOLUTE
    ../clib/microlib/init/entry.s            0x00000000   Number         0  entry2.o ABSOLUTE
    ../clib/microlib/init/entry.s            0x00000000   Number         0  entry7a.o ABSOLUTE
    ../clib/microlib/init/entry.s            0x00000000   Number         0  entry7b.o ABSOLUTE
    ../clib/microlib/init/entry.s            0x00000000   Number         0  entry11b.o ABSOLUTE
    ../clib/microlib/init/entry.s            0x00000000   Number         0  entry8a.o ABSOLUTE
    ../clib/microlib/init/entry.s            0x00000000   Number         0  entry8b.o ABSOLUTE
    ../clib/microlib/init/entry.s            0x00000000   Number         0  entry9a.o ABSOLUTE
    ../clib/microlib/init/entry.s            0x00000000   Number         0  entry9b.o ABSOLUTE
    ../clib/microlib/init/entry.s            0x00000000   Number         0  entry10a.o ABSOLUTE
    ../clib/microlib/init/entry.s            0x00000000   Number         0  entry10b.o ABSOLUTE
    ../clib/microlib/init/entry.s            0x00000000   Number         0  entry11a.o ABSOLUTE
    ../clib/microlib/init/entry.s            0x00000000   Number         0  entry.o ABSOLUTE
    ../clib/microlib/string/memcpy.c         0x00000000   Number         0  memcpyb.o ABSOLUTE
    ../clib/microlib/string/memcpy.c         0x00000000   Number         0  memcpya.o ABSOLUTE
    ../clib/microlib/string/memset.c         0x00000000   Number         0  memseta.o ABSOLUTE
    ../clib/microlib/string/strcpy.c         0x00000000   Number         0  strcpy.o ABSOLUTE
    ../clib/microlib/string/strlen.c         0x00000000   Number         0  strlen.o ABSOLUTE
    ..\..\..\..\..\..\components\ble\common\ble_advdata.c 0x00000000   Number         0  ble_advdata.o ABSOLUTE
    ..\..\..\..\..\..\components\ble\common\ble_conn_params.c 0x00000000   Number         0  ble_conn_params.o ABSOLUTE
    ..\..\..\..\..\..\components\ble\common\ble_srv_common.c 0x00000000   Number         0  ble_srv_common.o ABSOLUTE
    ..\..\..\..\..\..\components\boards\boards.c 0x00000000   Number         0  boards.o ABSOLUTE
    ..\..\..\..\..\..\components\drivers_nrf\clock\nrf_drv_clock.c 0x00000000   Number         0  nrf_drv_clock.o ABSOLUTE
    ..\..\..\..\..\..\components\drivers_nrf\common\nrf_drv_common.c 0x00000000   Number         0  nrf_drv_common.o ABSOLUTE
    ..\..\..\..\..\..\components\drivers_nrf\gpiote\nrf_drv_gpiote.c 0x00000000   Number         0  nrf_drv_gpiote.o ABSOLUTE
    ..\..\..\..\..\..\components\drivers_nrf\uart\nrf_drv_uart.c 0x00000000   Number         0  nrf_drv_uart.o ABSOLUTE
    ..\..\..\..\..\..\components\libraries\bsp\bsp.c 0x00000000   Number         0  bsp.o ABSOLUTE
    ..\..\..\..\..\..\components\libraries\bsp\bsp_nfc.c 0x00000000   Number         0  bsp_nfc.o ABSOLUTE
    ..\..\..\..\..\..\components\libraries\button\app_button.c 0x00000000   Number         0  app_button.o ABSOLUTE
    ..\..\..\..\..\..\components\libraries\hardfault\hardfault_implementation.c 0x00000000   Number         0  hardfault_implementation.o ABSOLUTE
    ..\..\..\..\..\..\components\libraries\log\src\nrf_log_backend_serial.c 0x00000000   Number         0  nrf_log_backend_serial.o ABSOLUTE
    ..\..\..\..\..\..\components\libraries\log\src\nrf_log_frontend.c 0x00000000   Number         0  nrf_log_frontend.o ABSOLUTE
    ..\..\..\..\..\..\components\libraries\timer\app_timer.c 0x00000000   Number         0  app_timer.o ABSOLUTE
    ..\..\..\..\..\..\components\libraries\util\app_error.c 0x00000000   Number         0  app_error.o ABSOLUTE
    ..\..\..\..\..\..\components\libraries\util\app_error_weak.c 0x00000000   Number         0  app_error_weak.o ABSOLUTE
    ..\..\..\..\..\..\components\libraries\util\app_util_platform.c 0x00000000   Number         0  app_util_platform.o ABSOLUTE
    ..\..\..\..\..\..\components\libraries\util\nrf_assert.c 0x00000000   Number         0  nrf_assert.o ABSOLUTE
    ..\..\..\..\..\..\components\libraries\util\sdk_errors.c 0x00000000   Number         0  sdk_errors.o ABSOLUTE
    ..\..\..\..\..\..\components\softdevice\common\softdevice_handler\softdevice_handler.c 0x00000000   Number         0  softdevice_handler.o ABSOLUTE
    ..\..\..\..\..\..\external\segger_rtt\RTT_Syscalls_KEIL.c 0x00000000   Number         0  rtt_syscalls_keil.o ABSOLUTE
    ..\..\..\..\..\..\external\segger_rtt\SEGGER_RTT.c 0x00000000   Number         0  segger_rtt.o ABSOLUTE
    ..\..\..\..\..\..\external\segger_rtt\SEGGER_RTT_printf.c 0x00000000   Number         0  segger_rtt_printf.o ABSOLUTE
    ..\..\..\main.c                          0x00000000   Number         0  main.o ABSOLUTE
    ..\\..\\..\\..\\..\\..\\components\\ble\\common\\ble_advdata.c 0x00000000   Number         0  ble_advdata.o ABSOLUTE
    ..\\..\\..\\..\\..\\..\\components\\ble\\common\\ble_conn_params.c 0x00000000   Number         0  ble_conn_params.o ABSOLUTE
    ..\\..\\..\\..\\..\\..\\components\\ble\\common\\ble_srv_common.c 0x00000000   Number         0  ble_srv_common.o ABSOLUTE
    ..\\..\\..\\..\\..\\..\\components\\boards\\boards.c 0x00000000   Number         0  boards.o ABSOLUTE
    ..\\..\\..\\..\\..\\..\\components\\drivers_nrf\\clock\\nrf_drv_clock.c 0x00000000   Number         0  nrf_drv_clock.o ABSOLUTE
    ..\\..\\..\\..\\..\\..\\components\\drivers_nrf\\common\\nrf_drv_common.c 0x00000000   Number         0  nrf_drv_common.o ABSOLUTE
    ..\\..\\..\\..\\..\\..\\components\\drivers_nrf\\gpiote\\nrf_drv_gpiote.c 0x00000000   Number         0  nrf_drv_gpiote.o ABSOLUTE
    ..\\..\\..\\..\\..\\..\\components\\drivers_nrf\\uart\\nrf_drv_uart.c 0x00000000   Number         0  nrf_drv_uart.o ABSOLUTE
    ..\\..\\..\\..\\..\\..\\components\\libraries\\bsp\\bsp.c 0x00000000   Number         0  bsp.o ABSOLUTE
    ..\\..\\..\\..\\..\\..\\components\\libraries\\bsp\\bsp_nfc.c 0x00000000   Number         0  bsp_nfc.o ABSOLUTE
    ..\\..\\..\\..\\..\\..\\components\\libraries\\button\\app_button.c 0x00000000   Number         0  app_button.o ABSOLUTE
    ..\\..\\..\\..\\..\\..\\components\\libraries\\hardfault\\hardfault_implementation.c 0x00000000   Number         0  hardfault_implementation.o ABSOLUTE
    ..\\..\\..\\..\\..\\..\\components\\libraries\\log\\src\\nrf_log_backend_serial.c 0x00000000   Number         0  nrf_log_backend_serial.o ABSOLUTE
    ..\\..\\..\\..\\..\\..\\components\\libraries\\log\\src\\nrf_log_frontend.c 0x00000000   Number         0  nrf_log_frontend.o ABSOLUTE
    ..\\..\\..\\..\\..\\..\\components\\libraries\\timer\\app_timer.c 0x00000000   Number         0  app_timer.o ABSOLUTE
    ..\\..\\..\\..\\..\\..\\components\\libraries\\util\\app_error.c 0x00000000   Number         0  app_error.o ABSOLUTE
    ..\\..\\..\\..\\..\\..\\components\\libraries\\util\\app_error_weak.c 0x00000000   Number         0  app_error_weak.o ABSOLUTE
    ..\\..\\..\\..\\..\\..\\components\\libraries\\util\\app_util_platform.c 0x00000000   Number         0  app_util_platform.o ABSOLUTE
    ..\\..\\..\\..\\..\\..\\components\\libraries\\util\\nrf_assert.c 0x00000000   Number         0  nrf_assert.o ABSOLUTE
    ..\\..\\..\\..\\..\\..\\components\\softdevice\\common\\softdevice_handler\\softdevice_handler.c 0x00000000   Number         0  softdevice_handler.o ABSOLUTE
    ..\\..\\..\\..\\..\\..\\external\\segger_rtt\\SEGGER_RTT.c 0x00000000   Number         0  segger_rtt.o ABSOLUTE
    ..\\..\\..\\main.c                       0x00000000   Number         0  main.o ABSOLUTE
    RTE\Device\nRF51422_xxAC\arm_startup_nrf51.s 0x00000000   Number         0  arm_startup_nrf51.o ABSOLUTE
    RTE\Device\nRF51422_xxAC\system_nrf51.c  0x00000000   Number         0  system_nrf51.o ABSOLUTE
    RTE\\Device\\nRF51422_xxAC\\system_nrf51.c 0x00000000   Number         0  system_nrf51.o ABSOLUTE
    appLED.c                                 0x00000000   Number         0  appled.o ABSOLUTE
    appLED.c                                 0x00000000   Number         0  appled.o ABSOLUTE
    dc.s                                     0x00000000   Number         0  dc.o ABSOLUTE
    handlers.s                               0x00000000   Number         0  handlers.o ABSOLUTE
    init.s                                   0x00000000   Number         0  init.o ABSOLUTE
    RESET                                    0x0001b000   Section      192  arm_startup_nrf51.o(RESET)
    .ARM.Collect$$$$00000000                 0x0001b0c0   Section        0  entry.o(.ARM.Collect$$$$00000000)
    .ARM.Collect$$$$00000001                 0x0001b0c0   Section        4  entry2.o(.ARM.Collect$$$$00000001)
    .ARM.Collect$$$$00000004                 0x0001b0c4   Section        4  entry5.o(.ARM.Collect$$$$00000004)
    .ARM.Collect$$$$00000008                 0x0001b0c8   Section        0  entry7b.o(.ARM.Collect$$$$00000008)
    .ARM.Collect$$$$0000000A                 0x0001b0c8   Section        0  entry8b.o(.ARM.Collect$$$$0000000A)
    .ARM.Collect$$$$0000000B                 0x0001b0c8   Section        8  entry9a.o(.ARM.Collect$$$$0000000B)
    .ARM.Collect$$$$0000000D                 0x0001b0d0   Section        0  entry10a.o(.ARM.Collect$$$$0000000D)
    .ARM.Collect$$$$0000000F                 0x0001b0d0   Section        0  entry11a.o(.ARM.Collect$$$$0000000F)
    .ARM.Collect$$$$00002712                 0x0001b0d0   Section        4  entry2.o(.ARM.Collect$$$$00002712)
    __lit__00000000                          0x0001b0d0   Data           4  entry2.o(.ARM.Collect$$$$00002712)
    .text                                    0x0001b0d4   Section       56  arm_startup_nrf51.o(.text)
    .text                                    0x0001b10c   Section        0  uidiv.o(.text)
    .text                                    0x0001b138   Section        0  memcpya.o(.text)
    .text                                    0x0001b15c   Section        0  memseta.o(.text)
    .text                                    0x0001b180   Section       36  init.o(.text)
    i.GPIOTE_IRQHandler                      0x0001b1a4   Section        0  nrf_drv_gpiote.o(i.GPIOTE_IRQHandler)
    i.POWER_CLOCK_IRQHandler                 0x0001b31c   Section        0  nrf_drv_clock.o(i.POWER_CLOCK_IRQHandler)
    i.RTC1_IRQHandler                        0x0001b370   Section        0  app_timer.o(i.RTC1_IRQHandler)
    i.SWI0_IRQHandler                        0x0001b390   Section        0  app_timer.o(i.SWI0_IRQHandler)
    i.SWI2_IRQHandler                        0x0001b398   Section        0  softdevice_handler.o(i.SWI2_IRQHandler)
    i.SystemInit                             0x0001b3b8   Section        0  system_nrf51.o(i.SystemInit)
    i.UART0_IRQHandler                       0x0001b424   Section        0  nrf_drv_uart.o(i.UART0_IRQHandler)
    i.__ARM_common_switch8                   0x0001b438   Section        0  bsp.o(i.__ARM_common_switch8)
    i.__NVIC_ClearPendingIRQ                 0x0001b454   Section        0  app_timer.o(i.__NVIC_ClearPendingIRQ)
    __NVIC_ClearPendingIRQ                   0x0001b455   Thumb Code    18  app_timer.o(i.__NVIC_ClearPendingIRQ)
    i.__NVIC_DisableIRQ                      0x0001b46c   Section        0  softdevice_handler.o(i.__NVIC_DisableIRQ)
    __NVIC_DisableIRQ                        0x0001b46d   Thumb Code    26  softdevice_handler.o(i.__NVIC_DisableIRQ)
    i.__NVIC_EnableIRQ                       0x0001b48c   Section        0  app_timer.o(i.__NVIC_EnableIRQ)
    __NVIC_EnableIRQ                         0x0001b48d   Thumb Code    18  app_timer.o(i.__NVIC_EnableIRQ)
    i.__NVIC_EnableIRQ                       0x0001b4a4   Section        0  softdevice_handler.o(i.__NVIC_EnableIRQ)
    __NVIC_EnableIRQ                         0x0001b4a5   Thumb Code    18  softdevice_handler.o(i.__NVIC_EnableIRQ)
    i.__NVIC_SetPendingIRQ                   0x0001b4bc   Section        0  app_timer.o(i.__NVIC_SetPendingIRQ)
    __NVIC_SetPendingIRQ                     0x0001b4bd   Thumb Code    18  app_timer.o(i.__NVIC_SetPendingIRQ)
    i.__NVIC_SetPriority                     0x0001b4d4   Section        0  app_timer.o(i.__NVIC_SetPriority)
    __NVIC_SetPriority                       0x0001b4d5   Thumb Code    60  app_timer.o(i.__NVIC_SetPriority)
    i.__scatterload_copy                     0x0001b518   Section       14  handlers.o(i.__scatterload_copy)
    i.__scatterload_null                     0x0001b526   Section        2  handlers.o(i.__scatterload_null)
    i.__scatterload_zeroinit                 0x0001b528   Section       14  handlers.o(i.__scatterload_zeroinit)
    i.__sd_nvic_app_accessible_irq           0x0001b538   Section        0  softdevice_handler.o(i.__sd_nvic_app_accessible_irq)
    __sd_nvic_app_accessible_irq             0x0001b539   Thumb Code    22  softdevice_handler.o(i.__sd_nvic_app_accessible_irq)
    i.adv_data_encode                        0x0001b554   Section        0  ble_advdata.o(i.adv_data_encode)
    i.advertising_init                       0x0001b6e4   Section        0  main.o(i.advertising_init)
    advertising_init                         0x0001b6e5   Thumb Code   104  main.o(i.advertising_init)
    i.advertising_update                     0x0001b75c   Section        0  main.o(i.advertising_update)
    advertising_update                       0x0001b75d   Thumb Code   126  main.o(i.advertising_update)
    i.alert_timer_handler                    0x0001b7e4   Section        0  bsp.o(i.alert_timer_handler)
    alert_timer_handler                      0x0001b7e5   Thumb Code    10  bsp.o(i.alert_timer_handler)
    i.app_button_enable                      0x0001b7f0   Section        0  app_button.o(i.app_button_enable)
    i.app_button_init                        0x0001b814   Section        0  app_button.o(i.app_button_init)
    i.app_error_fault_handler                0x0001b888   Section        0  app_error_weak.o(i.app_error_fault_handler)
    i.app_error_handler_bare                 0x0001b8a4   Section        0  app_error.o(i.app_error_handler_bare)
    i.app_timer_create                       0x0001b8bc   Section        0  app_timer.o(i.app_timer_create)
    i.app_timer_init                         0x0001b8ec   Section        0  app_timer.o(i.app_timer_init)
    i.app_timer_start                        0x0001b958   Section        0  app_timer.o(i.app_timer_start)
    i.app_timer_stop                         0x0001b9e4   Section        0  app_timer.o(i.app_timer_stop)
    i.app_util_critical_region_enter         0x0001ba0c   Section        0  app_util_platform.o(i.app_util_critical_region_enter)
    i.app_util_critical_region_exit          0x0001ba48   Section        0  app_util_platform.o(i.app_util_critical_region_exit)
    i.ble_advdata_set                        0x0001ba74   Section        0  ble_advdata.o(i.ble_advdata_set)
    i.ble_device_addr_encode                 0x0001badc   Section        0  ble_advdata.o(i.ble_device_addr_encode)
    ble_device_addr_encode                   0x0001badd   Thumb Code    94  ble_advdata.o(i.ble_device_addr_encode)
    i.bsp_board_led_invert                   0x0001bb3c   Section        0  boards.o(i.bsp_board_led_invert)
    i.bsp_board_led_off                      0x0001bb5c   Section        0  boards.o(i.bsp_board_led_off)
    i.bsp_board_led_on                       0x0001bb70   Section        0  boards.o(i.bsp_board_led_on)
    i.bsp_board_led_state_get                0x0001bb84   Section        0  boards.o(i.bsp_board_led_state_get)
    i.bsp_board_leds_init                    0x0001bba4   Section        0  boards.o(i.bsp_board_leds_init)
    i.bsp_board_leds_off                     0x0001bbcc   Section        0  boards.o(i.bsp_board_leds_off)
    i.bsp_board_leds_on                      0x0001bbde   Section        0  boards.o(i.bsp_board_leds_on)
    i.bsp_board_pin_to_button_idx            0x0001bbf0   Section        0  boards.o(i.bsp_board_pin_to_button_idx)
    i.bsp_button_event_handler               0x0001bc14   Section        0  bsp.o(i.bsp_button_event_handler)
    bsp_button_event_handler                 0x0001bc15   Thumb Code   134  bsp.o(i.bsp_button_event_handler)
    i.bsp_event_to_button_action_assign      0x0001bca8   Section        0  bsp.o(i.bsp_event_to_button_action_assign)
    i.bsp_indication_set                     0x0001bcf0   Section        0  bsp.o(i.bsp_indication_set)
    i.bsp_init                               0x0001bd0c   Section        0  bsp.o(i.bsp_init)
    i.bsp_led_indication                     0x0001bda4   Section        0  bsp.o(i.bsp_led_indication)
    bsp_led_indication                       0x0001bda5   Thumb Code   376  bsp.o(i.bsp_led_indication)
    i.button_timer_handler                   0x0001bf24   Section        0  bsp.o(i.button_timer_handler)
    button_timer_handler                     0x0001bf25   Thumb Code    12  bsp.o(i.button_timer_handler)
    i.channel_free                           0x0001bf30   Section        0  nrf_drv_gpiote.o(i.channel_free)
    channel_free                             0x0001bf31   Thumb Code    22  nrf_drv_gpiote.o(i.channel_free)
    i.channel_port_alloc                     0x0001bf4c   Section        0  nrf_drv_gpiote.o(i.channel_port_alloc)
    channel_port_alloc                       0x0001bf4d   Thumb Code    66  nrf_drv_gpiote.o(i.channel_port_alloc)
    i.channel_port_get                       0x0001bf94   Section        0  nrf_drv_gpiote.o(i.channel_port_get)
    channel_port_get                         0x0001bf95   Thumb Code    10  nrf_drv_gpiote.o(i.channel_port_get)
    i.clock_clk_started_notify               0x0001bfa4   Section        0  nrf_drv_clock.o(i.clock_clk_started_notify)
    clock_clk_started_notify                 0x0001bfa5   Thumb Code    34  nrf_drv_clock.o(i.clock_clk_started_notify)
    i.compare_reg_update                     0x0001bfcc   Section        0  app_timer.o(i.compare_reg_update)
    compare_reg_update                       0x0001bfcd   Thumb Code   140  app_timer.o(i.compare_reg_update)
    i.conn_int_encode                        0x0001c068   Section        0  ble_advdata.o(i.conn_int_encode)
    conn_int_encode                          0x0001c069   Thumb Code   130  ble_advdata.o(i.conn_int_encode)
    i.detection_delay_timeout_handler        0x0001c0f0   Section        0  app_button.o(i.detection_delay_timeout_handler)
    detection_delay_timeout_handler          0x0001c0f1   Thumb Code    90  app_button.o(i.detection_delay_timeout_handler)
    i.elapsed_ticks_acquire                  0x0001c150   Section        0  app_timer.o(i.elapsed_ticks_acquire)
    elapsed_ticks_acquire                    0x0001c151   Thumb Code    58  app_timer.o(i.elapsed_ticks_acquire)
    i.gpiote_event_handler                   0x0001c190   Section        0  app_button.o(i.gpiote_event_handler)
    gpiote_event_handler                     0x0001c191   Thumb Code    72  app_button.o(i.gpiote_event_handler)
    i.intern_softdevice_events_execute       0x0001c1e0   Section        0  softdevice_handler.o(i.intern_softdevice_events_execute)
    i.led_init                               0x0001c260   Section        0  appled.o(i.led_init)
    i.led_toggle                             0x0001c26c   Section        0  appled.o(i.led_toggle)
    i.leds_timer_handler                     0x0001c284   Section        0  bsp.o(i.leds_timer_handler)
    leds_timer_handler                       0x0001c285   Thumb Code    18  bsp.o(i.leds_timer_handler)
    i.list_deletions_handler                 0x0001c29c   Section        0  app_timer.o(i.list_deletions_handler)
    list_deletions_handler                   0x0001c29d   Thumb Code   162  app_timer.o(i.list_deletions_handler)
    i.list_insertions_handler                0x0001c348   Section        0  app_timer.o(i.list_insertions_handler)
    list_insertions_handler                  0x0001c349   Thumb Code   178  app_timer.o(i.list_insertions_handler)
    i.main                                   0x0001c404   Section        0  main.o(i.main)
    i.manuf_specific_data_encode             0x0001c4e8   Section        0  ble_advdata.o(i.manuf_specific_data_encode)
    manuf_specific_data_encode               0x0001c4e9   Thumb Code   104  ble_advdata.o(i.manuf_specific_data_encode)
    i.name_encode                            0x0001c550   Section        0  ble_advdata.o(i.name_encode)
    name_encode                              0x0001c551   Thumb Code   158  ble_advdata.o(i.name_encode)
    i.nrf51_errata_26                        0x0001c5f0   Section        0  system_nrf51.o(i.nrf51_errata_26)
    nrf51_errata_26                          0x0001c5f1   Thumb Code    38  system_nrf51.o(i.nrf51_errata_26)
    i.nrf51_errata_59                        0x0001c61c   Section        0  system_nrf51.o(i.nrf51_errata_59)
    nrf51_errata_59                          0x0001c61d   Thumb Code    40  system_nrf51.o(i.nrf51_errata_59)
    i.nrf51_errata_76                        0x0001c648   Section        0  system_nrf51.o(i.nrf51_errata_76)
    nrf51_errata_76                          0x0001c649   Thumb Code    48  system_nrf51.o(i.nrf51_errata_76)
    i.nrf_bitmask_bit_is_set                 0x0001c67c   Section        0  nrf_drv_gpiote.o(i.nrf_bitmask_bit_is_set)
    nrf_bitmask_bit_is_set                   0x0001c67d   Thumb Code    16  nrf_drv_gpiote.o(i.nrf_bitmask_bit_is_set)
    i.nrf_clock_event_check                  0x0001c68c   Section        0  nrf_drv_clock.o(i.nrf_clock_event_check)
    nrf_clock_event_check                    0x0001c68d   Thumb Code    16  nrf_drv_clock.o(i.nrf_clock_event_check)
    i.nrf_delay_us                           0x0001c69c   Section        0  app_timer.o(i.nrf_delay_us)
    nrf_delay_us                             0x0001c69d   Thumb Code    38  app_timer.o(i.nrf_delay_us)
    i.nrf_drv_clock_init                     0x0001c6cc   Section        0  nrf_drv_clock.o(i.nrf_drv_clock_init)
    i.nrf_drv_clock_on_sd_enable             0x0001c714   Section        0  nrf_drv_clock.o(i.nrf_drv_clock_on_sd_enable)
    i.nrf_drv_clock_on_soc_event             0x0001c748   Section        0  nrf_drv_clock.o(i.nrf_drv_clock_on_soc_event)
    i.nrf_drv_common_irq_enable              0x0001c754   Section        0  nrf_drv_common.o(i.nrf_drv_common_irq_enable)
    i.nrf_drv_gpiote_in_event_enable         0x0001c7bc   Section        0  nrf_drv_gpiote.o(i.nrf_drv_gpiote_in_event_enable)
    i.nrf_drv_gpiote_in_init                 0x0001c854   Section        0  nrf_drv_gpiote.o(i.nrf_drv_gpiote_in_init)
    i.nrf_drv_gpiote_in_is_set               0x0001c8fc   Section        0  nrf_drv_gpiote.o(i.nrf_drv_gpiote_in_is_set)
    i.nrf_drv_gpiote_init                    0x0001c910   Section        0  nrf_drv_gpiote.o(i.nrf_drv_gpiote_init)
    i.nrf_drv_gpiote_is_init                 0x0001c96c   Section        0  nrf_drv_gpiote.o(i.nrf_drv_gpiote_is_init)
    i.nrf_gpio_cfg                           0x0001c97c   Section        0  boards.o(i.nrf_gpio_cfg)
    nrf_gpio_cfg                             0x0001c97d   Thumb Code    40  boards.o(i.nrf_gpio_cfg)
    i.nrf_gpio_cfg                           0x0001c9a4   Section        0  nrf_drv_gpiote.o(i.nrf_gpio_cfg)
    nrf_gpio_cfg                             0x0001c9a5   Thumb Code    40  nrf_drv_gpiote.o(i.nrf_gpio_cfg)
    i.nrf_gpio_cfg_sense_set                 0x0001c9cc   Section        0  nrf_drv_gpiote.o(i.nrf_gpio_cfg_sense_set)
    nrf_gpio_cfg_sense_set                   0x0001c9cd   Thumb Code    34  nrf_drv_gpiote.o(i.nrf_gpio_cfg_sense_set)
    i.nrf_gpio_pin_write                     0x0001c9f0   Section        0  boards.o(i.nrf_gpio_pin_write)
    nrf_gpio_pin_write                       0x0001c9f1   Thumb Code    18  boards.o(i.nrf_gpio_pin_write)
    i.nrf_gpio_ports_read                    0x0001ca08   Section        0  nrf_drv_gpiote.o(i.nrf_gpio_ports_read)
    nrf_gpio_ports_read                      0x0001ca09   Thumb Code    36  nrf_drv_gpiote.o(i.nrf_gpio_ports_read)
    i.nrf_gpiote_event_clear                 0x0001ca30   Section        0  nrf_drv_gpiote.o(i.nrf_gpiote_event_clear)
    nrf_gpiote_event_clear                   0x0001ca31   Thumb Code    10  nrf_drv_gpiote.o(i.nrf_gpiote_event_clear)
    i.nrf_gpiote_event_is_set                0x0001ca40   Section        0  nrf_drv_gpiote.o(i.nrf_gpiote_event_is_set)
    nrf_gpiote_event_is_set                  0x0001ca41   Thumb Code    14  nrf_drv_gpiote.o(i.nrf_gpiote_event_is_set)
    i.nrf_uart_event_check                   0x0001ca54   Section        0  nrf_drv_uart.o(i.nrf_uart_event_check)
    nrf_uart_event_check                     0x0001ca55   Thumb Code    10  nrf_drv_uart.o(i.nrf_uart_event_check)
    i.nrf_uart_int_enable_check              0x0001ca5e   Section        0  nrf_drv_uart.o(i.nrf_uart_int_enable_check)
    nrf_uart_int_enable_check                0x0001ca5f   Thumb Code    16  nrf_drv_uart.o(i.nrf_uart_int_enable_check)
    i.pin_in_use_by_port                     0x0001ca70   Section        0  nrf_drv_gpiote.o(i.pin_in_use_by_port)
    pin_in_use_by_port                       0x0001ca71   Thumb Code    20  nrf_drv_gpiote.o(i.pin_in_use_by_port)
    i.pin_in_use_by_te                       0x0001ca88   Section        0  nrf_drv_gpiote.o(i.pin_in_use_by_te)
    pin_in_use_by_te                         0x0001ca89   Thumb Code    20  nrf_drv_gpiote.o(i.pin_in_use_by_te)
    i.rtc1_stop                              0x0001caa0   Section        0  app_timer.o(i.rtc1_stop)
    rtc1_stop                                0x0001caa1   Thumb Code    58  app_timer.o(i.rtc1_stop)
    i.rx_byte                                0x0001caec   Section        0  nrf_drv_uart.o(i.rx_byte)
    rx_byte                                  0x0001caed   Thumb Code    38  nrf_drv_uart.o(i.rx_byte)
    i.rx_done_event                          0x0001cb12   Section        0  nrf_drv_uart.o(i.rx_done_event)
    rx_done_event                            0x0001cb13   Thumb Code    20  nrf_drv_uart.o(i.rx_done_event)
    i.sd_nvic_EnableIRQ                      0x0001cb28   Section        0  softdevice_handler.o(i.sd_nvic_EnableIRQ)
    sd_nvic_EnableIRQ                        0x0001cb29   Thumb Code   114  softdevice_handler.o(i.sd_nvic_EnableIRQ)
    i.service_data_encode                    0x0001cbac   Section        0  ble_advdata.o(i.service_data_encode)
    service_data_encode                      0x0001cbad   Thumb Code   142  ble_advdata.o(i.service_data_encode)
    i.softdevice_enable                      0x0001cc3c   Section        0  softdevice_handler.o(i.softdevice_enable)
    i.softdevice_enable_get_default_config   0x0001cc50   Section        0  softdevice_handler.o(i.softdevice_enable_get_default_config)
    i.softdevice_fault_handler               0x0001cc78   Section        0  softdevice_handler.o(i.softdevice_fault_handler)
    i.softdevice_handler_init                0x0001cc80   Section        0  softdevice_handler.o(i.softdevice_handler_init)
    i.softdevice_handler_is_enabled          0x0001cce0   Section        0  softdevice_handler.o(i.softdevice_handler_is_enabled)
    i.timer_list_handler                     0x0001ccec   Section        0  app_timer.o(i.timer_list_handler)
    timer_list_handler                       0x0001cced   Thumb Code   128  app_timer.o(i.timer_list_handler)
    i.timer_list_insert                      0x0001cd70   Section        0  app_timer.o(i.timer_list_insert)
    timer_list_insert                        0x0001cd71   Thumb Code    60  app_timer.o(i.timer_list_insert)
    i.timer_stop_op_schedule                 0x0001cdb0   Section        0  app_timer.o(i.timer_stop_op_schedule)
    timer_stop_op_schedule                   0x0001cdb1   Thumb Code    70  app_timer.o(i.timer_stop_op_schedule)
    i.timer_timeouts_check                   0x0001cdfc   Section        0  app_timer.o(i.timer_timeouts_check)
    timer_timeouts_check                     0x0001cdfd   Thumb Code   120  app_timer.o(i.timer_timeouts_check)
    i.tx_byte                                0x0001ce7c   Section        0  nrf_drv_uart.o(i.tx_byte)
    tx_byte                                  0x0001ce7d   Thumb Code    30  nrf_drv_uart.o(i.tx_byte)
    i.tx_done_event                          0x0001ce9a   Section        0  nrf_drv_uart.o(i.tx_done_event)
    tx_done_event                            0x0001ce9b   Thumb Code    24  nrf_drv_uart.o(i.tx_done_event)
    i.uart_irq_handler                       0x0001ceb2   Section        0  nrf_drv_uart.o(i.uart_irq_handler)
    uart_irq_handler                         0x0001ceb3   Thumb Code   296  nrf_drv_uart.o(i.uart_irq_handler)
    i.uint16_encode                          0x0001cfda   Section        0  ble_advdata.o(i.uint16_encode)
    uint16_encode                            0x0001cfdb   Thumb Code    10  ble_advdata.o(i.uint16_encode)
    i.user_op_alloc                          0x0001cfe4   Section        0  app_timer.o(i.user_op_alloc)
    user_op_alloc                            0x0001cfe5   Thumb Code    40  app_timer.o(i.user_op_alloc)
    i.uuid_list_encode                       0x0001d010   Section        0  ble_advdata.o(i.uuid_list_encode)
    uuid_list_encode                         0x0001d011   Thumb Code    48  ble_advdata.o(i.uuid_list_encode)
    i.uuid_list_sized_encode                 0x0001d040   Section        0  ble_advdata.o(i.uuid_list_sized_encode)
    uuid_list_sized_encode                   0x0001d041   Thumb Code   174  ble_advdata.o(i.uuid_list_sized_encode)
    .constdata                               0x0001d0f0   Section        4  main.o(.constdata)
    .constdata                               0x0001d0f4   Section        8  boards.o(.constdata)
    m_board_led_list                         0x0001d0f4   Data           4  boards.o(.constdata)
    m_board_btn_list                         0x0001d0f8   Data           4  boards.o(.constdata)
    .constdata                               0x0001d0fc   Section       44  bsp.o(.constdata)
    m_leds_timer_id                          0x0001d0fc   Data           4  bsp.o(.constdata)
    m_alert_timer_id                         0x0001d100   Data           4  bsp.o(.constdata)
    m_button_timer_id                        0x0001d104   Data           4  bsp.o(.constdata)
    app_buttons                              0x0001d108   Data          32  bsp.o(.constdata)
    .constdata                               0x0001d128   Section        4  nrf_drv_gpiote.o(.constdata)
    .constdata                               0x0001d12c   Section        8  app_button.o(.constdata)
    m_detection_delay_timer_id               0x0001d12c   Data           4  app_button.o(.constdata)
    .data                                    0x20001870   Section        2  main.o(.data)
    temp                                     0x20001870   Data           1  main.o(.data)
    m_beacon_info                            0x20001871   Data           1  main.o(.data)
    .data                                    0x20001874   Section       20  bsp.o(.data)
    m_stable_state                           0x20001874   Data           1  bsp.o(.data)
    m_leds_clear                             0x20001875   Data           1  bsp.o(.data)
    current_long_push_pin_no                 0x20001876   Data           1  bsp.o(.data)
    m_app_ticks_per_100ms                    0x20001878   Data           4  bsp.o(.data)
    m_indication_type                        0x2000187c   Data           4  bsp.o(.data)
    m_registered_callback                    0x20001880   Data           4  bsp.o(.data)
    release_event_at_push                    0x20001884   Data           4  bsp.o(.data)
    .data                                    0x20001888   Section       20  app_button.o(.data)
    m_button_count                           0x20001888   Data           1  app_button.o(.data)
    mp_buttons                               0x2000188c   Data           4  app_button.o(.data)
    m_detection_delay                        0x20001890   Data           4  app_button.o(.data)
    m_pin_state                              0x20001894   Data           4  app_button.o(.data)
    m_pin_transition                         0x20001898   Data           4  app_button.o(.data)
    .data                                    0x2000189c   Section       32  app_timer.o(.data)
    m_ticks_elapsed_q_read_ind               0x2000189c   Data           1  app_timer.o(.data)
    m_ticks_elapsed_q_write_ind              0x2000189d   Data           1  app_timer.o(.data)
    m_rtc1_running                           0x2000189e   Data           1  app_timer.o(.data)
    m_rtc1_reset                             0x2000189f   Data           1  app_timer.o(.data)
    mp_timer_id_head                         0x200018a0   Data           4  app_timer.o(.data)
    m_ticks_latest                           0x200018a4   Data           4  app_timer.o(.data)
    m_evt_schedule_func                      0x200018a8   Data           4  app_timer.o(.data)
    m_op_queue                               0x200018ac   Data           8  app_timer.o(.data)
    m_ticks_elapsed                          0x200018b4   Data           8  app_timer.o(.data)
    .data                                    0x200018bc   Section       12  app_util_platform.o(.data)
    m_in_critical_region                     0x200018bc   Data           4  app_util_platform.o(.data)
    .data                                    0x200018c8   Section       20  softdevice_handler.o(.data)
    m_softdevice_enabled                     0x200018c8   Data           1  softdevice_handler.o(.data)
    m_suspended                              0x200018c9   Data           1  softdevice_handler.o(.data)
    m_ble_evt_buffer_size                    0x200018ca   Data           2  softdevice_handler.o(.data)
    m_evt_schedule_func                      0x200018cc   Data           4  softdevice_handler.o(.data)
    mp_ble_evt_buffer                        0x200018d0   Data           4  softdevice_handler.o(.data)
    m_ble_evt_handler                        0x200018d4   Data           4  softdevice_handler.o(.data)
    m_sys_evt_handler                        0x200018d8   Data           4  softdevice_handler.o(.data)
    .data                                    0x200018dc   Section        4  system_nrf51.o(.data)
    __tagsym$$used                           0x200018dc   Number         0  system_nrf51.o(.data)
    .bss                                     0x200018e0   Section      216  main.o(.bss)
    BLE_EVT_BUFFER                           0x200018e0   Data          72  main.o(.bss)
    APP_TIMER_BUF                            0x20001928   Data         120  main.o(.bss)
    m_adv_params                             0x200019a0   Data          24  main.o(.bss)
    .bss                                     0x200019b8   Section       32  bsp.o(.bss)
    m_leds_timer_id_data                     0x200019b8   Data          32  bsp.o(.bss)
    .bss                                     0x200019d8   Section       32  bsp.o(.bss)
    m_alert_timer_id_data                    0x200019d8   Data          32  bsp.o(.bss)
    .bss                                     0x200019f8   Section       12  bsp.o(.bss)
    m_events_list                            0x200019f8   Data          12  bsp.o(.bss)
    .bss                                     0x20001a04   Section       32  bsp.o(.bss)
    m_button_timer_id_data                   0x20001a04   Data          32  bsp.o(.bss)
    .bss                                     0x20001a24   Section       20  nrf_drv_clock.o(.bss)
    m_clock_cb                               0x20001a24   Data          20  nrf_drv_clock.o(.bss)
    .bss                                     0x20001a38   Section       72  nrf_drv_gpiote.o(.bss)
    m_cb                                     0x20001a38   Data          72  nrf_drv_gpiote.o(.bss)
    .bss                                     0x20001a80   Section       28  nrf_drv_uart.o(.bss)
    m_cb                                     0x20001a80   Data          28  nrf_drv_uart.o(.bss)
    .bss                                     0x20001a9c   Section       32  app_button.o(.bss)
    m_detection_delay_timer_id_data          0x20001a9c   Data          32  app_button.o(.bss)
    STACK                                    0x20001ac0   Section     2048  arm_startup_nrf51.o(STACK)

    Global Symbols

    Symbol Name                              Value     Ov Type        Size  Object(Section)

    BuildAttributes$$THM_ISAv3M$S$PE$A:L22$X:L11$S22$IEEE1$IW$USESV6$~STKCKD$USESV7$~SHL$OSPACE$EBA8$MICROLIB$REQ8$PRES8$EABIv2 0x00000000   Number         0  anon$$obj.o ABSOLUTE
    __ARM_use_no_argv                        0x00000000   Number         0  main.o ABSOLUTE
    __cpp_initialize__aeabi_                  - Undefined Weak Reference
    __cxa_finalize                            - Undefined Weak Reference
    __decompress                              - Undefined Weak Reference
    _clock_init                               - Undefined Weak Reference
    _microlib_exit                            - Undefined Weak Reference
    __Vectors_Size                           0x000000c0   Number         0  arm_startup_nrf51.o ABSOLUTE
    __Vectors                                0x0001b000   Data           4  arm_startup_nrf51.o(RESET)
    __Vectors_End                            0x0001b0c0   Data           0  arm_startup_nrf51.o(RESET)
    __main                                   0x0001b0c1   Thumb Code     0  entry.o(.ARM.Collect$$$$00000000)
    _main_stk                                0x0001b0c1   Thumb Code     0  entry2.o(.ARM.Collect$$$$00000001)
    _main_scatterload                        0x0001b0c5   Thumb Code     0  entry5.o(.ARM.Collect$$$$00000004)
    __main_after_scatterload                 0x0001b0c9   Thumb Code     0  entry5.o(.ARM.Collect$$$$00000004)
    _main_clock                              0x0001b0c9   Thumb Code     0  entry7b.o(.ARM.Collect$$$$00000008)
    _main_cpp_init                           0x0001b0c9   Thumb Code     0  entry8b.o(.ARM.Collect$$$$0000000A)
    _main_init                               0x0001b0c9   Thumb Code     0  entry9a.o(.ARM.Collect$$$$0000000B)
    __rt_final_cpp                           0x0001b0d1   Thumb Code     0  entry10a.o(.ARM.Collect$$$$0000000D)
    __rt_final_exit                          0x0001b0d1   Thumb Code     0  entry11a.o(.ARM.Collect$$$$0000000F)
    Reset_Handler                            0x0001b0d5   Thumb Code    26  arm_startup_nrf51.o(.text)
    NMI_Handler                              0x0001b0ef   Thumb Code     2  arm_startup_nrf51.o(.text)
    HardFault_Handler                        0x0001b0f1   Thumb Code     2  arm_startup_nrf51.o(.text)
    SVC_Handler                              0x0001b0f3   Thumb Code     2  arm_startup_nrf51.o(.text)
    PendSV_Handler                           0x0001b0f5   Thumb Code     2  arm_startup_nrf51.o(.text)
    SysTick_Handler                          0x0001b0f7   Thumb Code     2  arm_startup_nrf51.o(.text)
    ADC_IRQHandler                           0x0001b0f9   Thumb Code     0  arm_startup_nrf51.o(.text)
    CCM_AAR_IRQHandler                       0x0001b0f9   Thumb Code     0  arm_startup_nrf51.o(.text)
    ECB_IRQHandler                           0x0001b0f9   Thumb Code     0  arm_startup_nrf51.o(.text)
    LPCOMP_IRQHandler                        0x0001b0f9   Thumb Code     0  arm_startup_nrf51.o(.text)
    QDEC_IRQHandler                          0x0001b0f9   Thumb Code     0  arm_startup_nrf51.o(.text)
    RADIO_IRQHandler                         0x0001b0f9   Thumb Code     0  arm_startup_nrf51.o(.text)
    RNG_IRQHandler                           0x0001b0f9   Thumb Code     0  arm_startup_nrf51.o(.text)
    RTC0_IRQHandler                          0x0001b0f9   Thumb Code     0  arm_startup_nrf51.o(.text)
    SPI0_TWI0_IRQHandler                     0x0001b0f9   Thumb Code     0  arm_startup_nrf51.o(.text)
    SPI1_TWI1_IRQHandler                     0x0001b0f9   Thumb Code     0  arm_startup_nrf51.o(.text)
    SWI1_IRQHandler                          0x0001b0f9   Thumb Code     0  arm_startup_nrf51.o(.text)
    SWI3_IRQHandler                          0x0001b0f9   Thumb Code     0  arm_startup_nrf51.o(.text)
    SWI4_IRQHandler                          0x0001b0f9   Thumb Code     0  arm_startup_nrf51.o(.text)
    SWI5_IRQHandler                          0x0001b0f9   Thumb Code     0  arm_startup_nrf51.o(.text)
    TEMP_IRQHandler                          0x0001b0f9   Thumb Code     0  arm_startup_nrf51.o(.text)
    TIMER0_IRQHandler                        0x0001b0f9   Thumb Code     0  arm_startup_nrf51.o(.text)
    TIMER1_IRQHandler                        0x0001b0f9   Thumb Code     0  arm_startup_nrf51.o(.text)
    TIMER2_IRQHandler                        0x0001b0f9   Thumb Code     0  arm_startup_nrf51.o(.text)
    WDT_IRQHandler                           0x0001b0f9   Thumb Code     0  arm_startup_nrf51.o(.text)
    __aeabi_uidiv                            0x0001b10d   Thumb Code     0  uidiv.o(.text)
    __aeabi_uidivmod                         0x0001b10d   Thumb Code    44  uidiv.o(.text)
    __aeabi_memcpy                           0x0001b139   Thumb Code    36  memcpya.o(.text)
    __aeabi_memcpy4                          0x0001b139   Thumb Code     0  memcpya.o(.text)
    __aeabi_memcpy8                          0x0001b139   Thumb Code     0  memcpya.o(.text)
    __aeabi_memset                           0x0001b15d   Thumb Code    14  memseta.o(.text)
    __aeabi_memset4                          0x0001b15d   Thumb Code     0  memseta.o(.text)
    __aeabi_memset8                          0x0001b15d   Thumb Code     0  memseta.o(.text)
    __aeabi_memclr                           0x0001b16b   Thumb Code     4  memseta.o(.text)
    __aeabi_memclr4                          0x0001b16b   Thumb Code     0  memseta.o(.text)
    __aeabi_memclr8                          0x0001b16b   Thumb Code     0  memseta.o(.text)
    _memset$wrapper                          0x0001b16f   Thumb Code    18  memseta.o(.text)
    __scatterload                            0x0001b181   Thumb Code    28  init.o(.text)
    __scatterload_rt2                        0x0001b181   Thumb Code     0  init.o(.text)
    GPIOTE_IRQHandler                        0x0001b1a5   Thumb Code   364  nrf_drv_gpiote.o(i.GPIOTE_IRQHandler)
    POWER_CLOCK_IRQHandler                   0x0001b31d   Thumb Code    70  nrf_drv_clock.o(i.POWER_CLOCK_IRQHandler)
    RTC1_IRQHandler                          0x0001b371   Thumb Code    28  app_timer.o(i.RTC1_IRQHandler)
    SWI0_IRQHandler                          0x0001b391   Thumb Code     8  app_timer.o(i.SWI0_IRQHandler)
    SWI2_IRQHandler                          0x0001b399   Thumb Code    28  softdevice_handler.o(i.SWI2_IRQHandler)
    SystemInit                               0x0001b3b9   Thumb Code    74  system_nrf51.o(i.SystemInit)
    UART0_IRQHandler                         0x0001b425   Thumb Code    12  nrf_drv_uart.o(i.UART0_IRQHandler)
    __ARM_common_switch8                     0x0001b439   Thumb Code    26  bsp.o(i.__ARM_common_switch8)
    __scatterload_copy                       0x0001b519   Thumb Code    14  handlers.o(i.__scatterload_copy)
    __scatterload_null                       0x0001b527   Thumb Code     2  handlers.o(i.__scatterload_null)
    __scatterload_zeroinit                   0x0001b529   Thumb Code    14  handlers.o(i.__scatterload_zeroinit)
    adv_data_encode                          0x0001b555   Thumb Code   398  ble_advdata.o(i.adv_data_encode)
    app_button_enable                        0x0001b7f1   Thumb Code    32  app_button.o(i.app_button_enable)
    app_button_init                          0x0001b815   Thumb Code   100  app_button.o(i.app_button_init)
    app_error_fault_handler                  0x0001b889   Thumb Code    18  app_error_weak.o(i.app_error_fault_handler)
    app_error_handler_bare                   0x0001b8a5   Thumb Code    20  app_error.o(i.app_error_handler_bare)
    app_timer_create                         0x0001b8bd   Thumb Code    44  app_timer.o(i.app_timer_create)
    app_timer_init                           0x0001b8ed   Thumb Code    98  app_timer.o(i.app_timer_init)
    app_timer_start                          0x0001b959   Thumb Code   130  app_timer.o(i.app_timer_start)
    app_timer_stop                           0x0001b9e5   Thumb Code    36  app_timer.o(i.app_timer_stop)
    app_util_critical_region_enter           0x0001ba0d   Thumb Code    48  app_util_platform.o(i.app_util_critical_region_enter)
    app_util_critical_region_exit            0x0001ba49   Thumb Code    36  app_util_platform.o(i.app_util_critical_region_exit)
    ble_advdata_set                          0x0001ba75   Thumb Code   104  ble_advdata.o(i.ble_advdata_set)
    bsp_board_led_invert                     0x0001bb3d   Thumb Code    24  boards.o(i.bsp_board_led_invert)
    bsp_board_led_off                        0x0001bb5d   Thumb Code    14  boards.o(i.bsp_board_led_off)
    bsp_board_led_on                         0x0001bb71   Thumb Code    14  boards.o(i.bsp_board_led_on)
    bsp_board_led_state_get                  0x0001bb85   Thumb Code    24  boards.o(i.bsp_board_led_state_get)
    bsp_board_leds_init                      0x0001bba5   Thumb Code    36  boards.o(i.bsp_board_leds_init)
    bsp_board_leds_off                       0x0001bbcd   Thumb Code    18  boards.o(i.bsp_board_leds_off)
    bsp_board_leds_on                        0x0001bbdf   Thumb Code    18  boards.o(i.bsp_board_leds_on)
    bsp_board_pin_to_button_idx              0x0001bbf1   Thumb Code    30  boards.o(i.bsp_board_pin_to_button_idx)
    bsp_event_to_button_action_assign        0x0001bca9   Thumb Code    66  bsp.o(i.bsp_event_to_button_action_assign)
    bsp_indication_set                       0x0001bcf1   Thumb Code    22  bsp.o(i.bsp_indication_set)
    bsp_init                                 0x0001bd0d   Thumb Code   132  bsp.o(i.bsp_init)
    intern_softdevice_events_execute         0x0001c1e1   Thumb Code   122  softdevice_handler.o(i.intern_softdevice_events_execute)
    led_init                                 0x0001c261   Thumb Code     8  appled.o(i.led_init)
    led_toggle                               0x0001c26d   Thumb Code    20  appled.o(i.led_toggle)
    main                                     0x0001c405   Thumb Code   202  main.o(i.main)
    nrf_drv_clock_init                       0x0001c6cd   Thumb Code    60  nrf_drv_clock.o(i.nrf_drv_clock_init)
    nrf_drv_clock_on_sd_enable               0x0001c715   Thumb Code    46  nrf_drv_clock.o(i.nrf_drv_clock_on_sd_enable)
    nrf_drv_clock_on_soc_event               0x0001c749   Thumb Code    12  nrf_drv_clock.o(i.nrf_drv_clock_on_soc_event)
    nrf_drv_common_irq_enable                0x0001c755   Thumb Code    86  nrf_drv_common.o(i.nrf_drv_common_irq_enable)
    nrf_drv_gpiote_in_event_enable           0x0001c7bd   Thumb Code   136  nrf_drv_gpiote.o(i.nrf_drv_gpiote_in_event_enable)
    nrf_drv_gpiote_in_init                   0x0001c855   Thumb Code   154  nrf_drv_gpiote.o(i.nrf_drv_gpiote_in_init)
    nrf_drv_gpiote_in_is_set                 0x0001c8fd   Thumb Code    16  nrf_drv_gpiote.o(i.nrf_drv_gpiote_in_is_set)
    nrf_drv_gpiote_init                      0x0001c911   Thumb Code    84  nrf_drv_gpiote.o(i.nrf_drv_gpiote_init)
    nrf_drv_gpiote_is_init                   0x0001c96d   Thumb Code    12  nrf_drv_gpiote.o(i.nrf_drv_gpiote_is_init)
    softdevice_enable                        0x0001cc3d   Thumb Code    14  softdevice_handler.o(i.softdevice_enable)
    softdevice_enable_get_default_config     0x0001cc51   Thumb Code    40  softdevice_handler.o(i.softdevice_enable_get_default_config)
    softdevice_fault_handler                 0x0001cc79   Thumb Code     8  softdevice_handler.o(i.softdevice_fault_handler)
    softdevice_handler_init                  0x0001cc81   Thumb Code    84  softdevice_handler.o(i.softdevice_handler_init)
    softdevice_handler_is_enabled            0x0001cce1   Thumb Code     6  softdevice_handler.o(i.softdevice_handler_is_enabled)
    Region$$Table$$Base                      0x0001d134   Number         0  anon$$obj.o(Region$$Table)
    Region$$Table$$Limit                     0x0001d154   Number         0  anon$$obj.o(Region$$Table)
    Image$$RW_IRAM1$$Base                    0x20001870   Number         0  anon$$obj.o ABSOLUTE
    nrf_nvic_state                           0x200018c0   Data           8  app_util_platform.o(.data)
    SystemCoreClock                          0x200018dc   Data           4  system_nrf51.o(.data)
    __initial_sp                             0x200022c0   Data           0  arm_startup_nrf51.o(STACK)



==============================================================================

Memory Map of the image

  Image Entry point : 0x0001b0c1

  Load Region LR_IROM1 (Base: 0x0001b000, Size: 0x000021c4, Max: 0x00025000, ABSOLUTE)

    Execution Region ER_IROM1 (Exec base: 0x0001b000, Load base: 0x0001b000, Size: 0x00002154, Max: 0x00025000, ABSOLUTE)

    Exec Addr    Load Addr    Size         Type   Attr      Idx    E Section Name        Object

    0x0001b000   0x0001b000   0x000000c0   Data   RO         2102    RESET               arm_startup_nrf51.o
    0x0001b0c0   0x0001b0c0   0x00000000   Code   RO         2157  * .ARM.Collect$$$$00000000  mc_p.l(entry.o)
    0x0001b0c0   0x0001b0c0   0x00000004   Code   RO         2172    .ARM.Collect$$$$00000001  mc_p.l(entry2.o)
    0x0001b0c4   0x0001b0c4   0x00000004   Code   RO         2175    .ARM.Collect$$$$00000004  mc_p.l(entry5.o)
    0x0001b0c8   0x0001b0c8   0x00000000   Code   RO         2177    .ARM.Collect$$$$00000008  mc_p.l(entry7b.o)
    0x0001b0c8   0x0001b0c8   0x00000000   Code   RO         2179    .ARM.Collect$$$$0000000A  mc_p.l(entry8b.o)
    0x0001b0c8   0x0001b0c8   0x00000008   Code   RO         2180    .ARM.Collect$$$$0000000B  mc_p.l(entry9a.o)
    0x0001b0d0   0x0001b0d0   0x00000000   Code   RO         2182    .ARM.Collect$$$$0000000D  mc_p.l(entry10a.o)
    0x0001b0d0   0x0001b0d0   0x00000000   Code   RO         2184    .ARM.Collect$$$$0000000F  mc_p.l(entry11a.o)
    0x0001b0d0   0x0001b0d0   0x00000004   Code   RO         2173    .ARM.Collect$$$$00002712  mc_p.l(entry2.o)
    0x0001b0d4   0x0001b0d4   0x00000038   Code   RO         2103    .text               arm_startup_nrf51.o
    0x0001b10c   0x0001b10c   0x0000002c   Code   RO         2160    .text               mc_p.l(uidiv.o)
    0x0001b138   0x0001b138   0x00000024   Code   RO         2162    .text               mc_p.l(memcpya.o)
    0x0001b15c   0x0001b15c   0x00000024   Code   RO         2164    .text               mc_p.l(memseta.o)
    0x0001b180   0x0001b180   0x00000024   Code   RO         2186    .text               mc_p.l(init.o)
    0x0001b1a4   0x0001b1a4   0x00000178   Code   RO         1012    i.GPIOTE_IRQHandler  nrf_drv_gpiote.o
    0x0001b31c   0x0001b31c   0x00000054   Code   RO          784    i.POWER_CLOCK_IRQHandler  nrf_drv_clock.o
    0x0001b370   0x0001b370   0x00000020   Code   RO         1530    i.RTC1_IRQHandler   app_timer.o
    0x0001b390   0x0001b390   0x00000008   Code   RO         1531    i.SWI0_IRQHandler   app_timer.o
    0x0001b398   0x0001b398   0x00000020   Code   RO         1959    i.SWI2_IRQHandler   softdevice_handler.o
    0x0001b3b8   0x0001b3b8   0x0000006c   Code   RO         2110    i.SystemInit        system_nrf51.o
    0x0001b424   0x0001b424   0x00000014   Code   RO         1227    i.UART0_IRQHandler  nrf_drv_uart.o
    0x0001b438   0x0001b438   0x0000001a   Code   RO          491    i.__ARM_common_switch8  bsp.o
    0x0001b452   0x0001b452   0x00000002   PAD
    0x0001b454   0x0001b454   0x00000018   Code   RO         1532    i.__NVIC_ClearPendingIRQ  app_timer.o
    0x0001b46c   0x0001b46c   0x00000020   Code   RO         1960    i.__NVIC_DisableIRQ  softdevice_handler.o
    0x0001b48c   0x0001b48c   0x00000018   Code   RO         1533    i.__NVIC_EnableIRQ  app_timer.o
    0x0001b4a4   0x0001b4a4   0x00000018   Code   RO         1961    i.__NVIC_EnableIRQ  softdevice_handler.o
    0x0001b4bc   0x0001b4bc   0x00000018   Code   RO         1534    i.__NVIC_SetPendingIRQ  app_timer.o
    0x0001b4d4   0x0001b4d4   0x00000044   Code   RO         1535    i.__NVIC_SetPriority  app_timer.o
    0x0001b518   0x0001b518   0x0000000e   Code   RO         2190    i.__scatterload_copy  mc_p.l(handlers.o)
    0x0001b526   0x0001b526   0x00000002   Code   RO         2191    i.__scatterload_null  mc_p.l(handlers.o)
    0x0001b528   0x0001b528   0x0000000e   Code   RO         2192    i.__scatterload_zeroinit  mc_p.l(handlers.o)
    0x0001b536   0x0001b536   0x00000002   PAD
    0x0001b538   0x0001b538   0x0000001c   Code   RO         1962    i.__sd_nvic_app_accessible_irq  softdevice_handler.o
    0x0001b554   0x0001b554   0x0000018e   Code   RO          561    i.adv_data_encode   ble_advdata.o
    0x0001b6e2   0x0001b6e2   0x00000002   PAD
    0x0001b6e4   0x0001b6e4   0x00000078   Code   RO            3    i.advertising_init  main.o
    0x0001b75c   0x0001b75c   0x00000088   Code   RO            4    i.advertising_update  main.o
    0x0001b7e4   0x0001b7e4   0x0000000a   Code   RO          397    i.alert_timer_handler  bsp.o
    0x0001b7ee   0x0001b7ee   0x00000002   PAD
    0x0001b7f0   0x0001b7f0   0x00000024   Code   RO         1405    i.app_button_enable  app_button.o
    0x0001b814   0x0001b814   0x00000074   Code   RO         1406    i.app_button_init   app_button.o
    0x0001b888   0x0001b888   0x0000001c   Code   RO         1504    i.app_error_fault_handler  app_error_weak.o
    0x0001b8a4   0x0001b8a4   0x00000018   Code   RO         1466    i.app_error_handler_bare  app_error.o
    0x0001b8bc   0x0001b8bc   0x00000030   Code   RO         1538    i.app_timer_create  app_timer.o
    0x0001b8ec   0x0001b8ec   0x0000006c   Code   RO         1539    i.app_timer_init    app_timer.o
    0x0001b958   0x0001b958   0x0000008c   Code   RO         1540    i.app_timer_start   app_timer.o
    0x0001b9e4   0x0001b9e4   0x00000028   Code   RO         1541    i.app_timer_stop    app_timer.o
    0x0001ba0c   0x0001ba0c   0x0000003c   Code   RO         1685    i.app_util_critical_region_enter  app_util_platform.o
    0x0001ba48   0x0001ba48   0x0000002c   Code   RO         1686    i.app_util_critical_region_exit  app_util_platform.o
    0x0001ba74   0x0001ba74   0x00000068   Code   RO          562    i.ble_advdata_set   ble_advdata.o
    0x0001badc   0x0001badc   0x0000005e   Code   RO          563    i.ble_device_addr_encode  ble_advdata.o
    0x0001bb3a   0x0001bb3a   0x00000002   PAD
    0x0001bb3c   0x0001bb3c   0x00000020   Code   RO          296    i.bsp_board_led_invert  boards.o
    0x0001bb5c   0x0001bb5c   0x00000014   Code   RO          297    i.bsp_board_led_off  boards.o
    0x0001bb70   0x0001bb70   0x00000014   Code   RO          298    i.bsp_board_led_on  boards.o
    0x0001bb84   0x0001bb84   0x00000020   Code   RO          299    i.bsp_board_led_state_get  boards.o
    0x0001bba4   0x0001bba4   0x00000028   Code   RO          300    i.bsp_board_leds_init  boards.o
    0x0001bbcc   0x0001bbcc   0x00000012   Code   RO          301    i.bsp_board_leds_off  boards.o
    0x0001bbde   0x0001bbde   0x00000012   Code   RO          302    i.bsp_board_leds_on  boards.o
    0x0001bbf0   0x0001bbf0   0x00000024   Code   RO          303    i.bsp_board_pin_to_button_idx  boards.o
    0x0001bc14   0x0001bc14   0x00000094   Code   RO          398    i.bsp_button_event_handler  bsp.o
    0x0001bca8   0x0001bca8   0x00000048   Code   RO          402    i.bsp_event_to_button_action_assign  bsp.o
    0x0001bcf0   0x0001bcf0   0x0000001c   Code   RO          403    i.bsp_indication_set  bsp.o
    0x0001bd0c   0x0001bd0c   0x00000098   Code   RO          404    i.bsp_init          bsp.o
    0x0001bda4   0x0001bda4   0x00000180   Code   RO          405    i.bsp_led_indication  bsp.o
    0x0001bf24   0x0001bf24   0x0000000c   Code   RO          408    i.button_timer_handler  bsp.o
    0x0001bf30   0x0001bf30   0x0000001c   Code   RO         1013    i.channel_free      nrf_drv_gpiote.o
    0x0001bf4c   0x0001bf4c   0x00000048   Code   RO         1014    i.channel_port_alloc  nrf_drv_gpiote.o
    0x0001bf94   0x0001bf94   0x00000010   Code   RO         1015    i.channel_port_get  nrf_drv_gpiote.o
    0x0001bfa4   0x0001bfa4   0x00000028   Code   RO          785    i.clock_clk_started_notify  nrf_drv_clock.o
    0x0001bfcc   0x0001bfcc   0x0000009c   Code   RO         1543    i.compare_reg_update  app_timer.o
    0x0001c068   0x0001c068   0x00000088   Code   RO          564    i.conn_int_encode   ble_advdata.o
    0x0001c0f0   0x0001c0f0   0x00000060   Code   RO         1408    i.detection_delay_timeout_handler  app_button.o
    0x0001c150   0x0001c150   0x00000040   Code   RO         1544    i.elapsed_ticks_acquire  app_timer.o
    0x0001c190   0x0001c190   0x00000050   Code   RO         1409    i.gpiote_event_handler  app_button.o
    0x0001c1e0   0x0001c1e0   0x00000080   Code   RO         1963    i.intern_softdevice_events_execute  softdevice_handler.o
    0x0001c260   0x0001c260   0x0000000c   Code   RO          226    i.led_init          appled.o
    0x0001c26c   0x0001c26c   0x00000018   Code   RO          229    i.led_toggle        appled.o
    0x0001c284   0x0001c284   0x00000018   Code   RO          409    i.leds_timer_handler  bsp.o
    0x0001c29c   0x0001c29c   0x000000ac   Code   RO         1545    i.list_deletions_handler  app_timer.o
    0x0001c348   0x0001c348   0x000000bc   Code   RO         1546    i.list_insertions_handler  app_timer.o
    0x0001c404   0x0001c404   0x000000e4   Code   RO            6    i.main              main.o
    0x0001c4e8   0x0001c4e8   0x00000068   Code   RO          565    i.manuf_specific_data_encode  ble_advdata.o
    0x0001c550   0x0001c550   0x0000009e   Code   RO          566    i.name_encode       ble_advdata.o
    0x0001c5ee   0x0001c5ee   0x00000002   PAD
    0x0001c5f0   0x0001c5f0   0x0000002c   Code   RO         2111    i.nrf51_errata_26   system_nrf51.o
    0x0001c61c   0x0001c61c   0x0000002c   Code   RO         2112    i.nrf51_errata_59   system_nrf51.o
    0x0001c648   0x0001c648   0x00000034   Code   RO         2113    i.nrf51_errata_76   system_nrf51.o
    0x0001c67c   0x0001c67c   0x00000010   Code   RO         1016    i.nrf_bitmask_bit_is_set  nrf_drv_gpiote.o
    0x0001c68c   0x0001c68c   0x00000010   Code   RO          789    i.nrf_clock_event_check  nrf_drv_clock.o
    0x0001c69c   0x0001c69c   0x00000030   Code   RO         1547    i.nrf_delay_us      app_timer.o
    0x0001c6cc   0x0001c6cc   0x00000048   Code   RO          796    i.nrf_drv_clock_init  nrf_drv_clock.o
    0x0001c714   0x0001c714   0x00000034   Code   RO          803    i.nrf_drv_clock_on_sd_enable  nrf_drv_clock.o
    0x0001c748   0x0001c748   0x0000000c   Code   RO          804    i.nrf_drv_clock_on_soc_event  nrf_drv_clock.o
    0x0001c754   0x0001c754   0x00000068   Code   RO          971    i.nrf_drv_common_irq_enable  nrf_drv_common.o
    0x0001c7bc   0x0001c7bc   0x00000098   Code   RO         1019    i.nrf_drv_gpiote_in_event_enable  nrf_drv_gpiote.o
    0x0001c854   0x0001c854   0x000000a8   Code   RO         1020    i.nrf_drv_gpiote_in_init  nrf_drv_gpiote.o
    0x0001c8fc   0x0001c8fc   0x00000014   Code   RO         1021    i.nrf_drv_gpiote_in_is_set  nrf_drv_gpiote.o
    0x0001c910   0x0001c910   0x0000005c   Code   RO         1023    i.nrf_drv_gpiote_init  nrf_drv_gpiote.o
    0x0001c96c   0x0001c96c   0x00000010   Code   RO         1024    i.nrf_drv_gpiote_is_init  nrf_drv_gpiote.o
    0x0001c97c   0x0001c97c   0x00000028   Code   RO          305    i.nrf_gpio_cfg      boards.o
    0x0001c9a4   0x0001c9a4   0x00000028   Code   RO         1036    i.nrf_gpio_cfg      nrf_drv_gpiote.o
    0x0001c9cc   0x0001c9cc   0x00000022   Code   RO         1038    i.nrf_gpio_cfg_sense_set  nrf_drv_gpiote.o
    0x0001c9ee   0x0001c9ee   0x00000002   PAD
    0x0001c9f0   0x0001c9f0   0x00000018   Code   RO          306    i.nrf_gpio_pin_write  boards.o
    0x0001ca08   0x0001ca08   0x00000028   Code   RO         1039    i.nrf_gpio_ports_read  nrf_drv_gpiote.o
    0x0001ca30   0x0001ca30   0x00000010   Code   RO         1040    i.nrf_gpiote_event_clear  nrf_drv_gpiote.o
    0x0001ca40   0x0001ca40   0x00000014   Code   RO         1041    i.nrf_gpiote_event_is_set  nrf_drv_gpiote.o
    0x0001ca54   0x0001ca54   0x0000000a   Code   RO         1245    i.nrf_uart_event_check  nrf_drv_uart.o
    0x0001ca5e   0x0001ca5e   0x00000010   Code   RO         1246    i.nrf_uart_int_enable_check  nrf_drv_uart.o
    0x0001ca6e   0x0001ca6e   0x00000002   PAD
    0x0001ca70   0x0001ca70   0x00000018   Code   RO         1042    i.pin_in_use_by_port  nrf_drv_gpiote.o
    0x0001ca88   0x0001ca88   0x00000018   Code   RO         1043    i.pin_in_use_by_te  nrf_drv_gpiote.o
    0x0001caa0   0x0001caa0   0x0000004c   Code   RO         1548    i.rtc1_stop         app_timer.o
    0x0001caec   0x0001caec   0x00000026   Code   RO         1247    i.rx_byte           nrf_drv_uart.o
    0x0001cb12   0x0001cb12   0x00000014   Code   RO         1248    i.rx_done_event     nrf_drv_uart.o
    0x0001cb26   0x0001cb26   0x00000002   PAD
    0x0001cb28   0x0001cb28   0x00000084   Code   RO         1965    i.sd_nvic_EnableIRQ  softdevice_handler.o
    0x0001cbac   0x0001cbac   0x0000008e   Code   RO          567    i.service_data_encode  ble_advdata.o
    0x0001cc3a   0x0001cc3a   0x00000002   PAD
    0x0001cc3c   0x0001cc3c   0x00000014   Code   RO         1967    i.softdevice_enable  softdevice_handler.o
    0x0001cc50   0x0001cc50   0x00000028   Code   RO         1968    i.softdevice_enable_get_default_config  softdevice_handler.o
    0x0001cc78   0x0001cc78   0x00000008   Code   RO         1969    i.softdevice_fault_handler  softdevice_handler.o
    0x0001cc80   0x0001cc80   0x00000060   Code   RO         1970    i.softdevice_handler_init  softdevice_handler.o
    0x0001cce0   0x0001cce0   0x0000000c   Code   RO         1971    i.softdevice_handler_is_enabled  softdevice_handler.o
    0x0001ccec   0x0001ccec   0x00000084   Code   RO         1549    i.timer_list_handler  app_timer.o
    0x0001cd70   0x0001cd70   0x00000040   Code   RO         1550    i.timer_list_insert  app_timer.o
    0x0001cdb0   0x0001cdb0   0x0000004c   Code   RO         1551    i.timer_stop_op_schedule  app_timer.o
    0x0001cdfc   0x0001cdfc   0x00000080   Code   RO         1552    i.timer_timeouts_check  app_timer.o
    0x0001ce7c   0x0001ce7c   0x0000001e   Code   RO         1250    i.tx_byte           nrf_drv_uart.o
    0x0001ce9a   0x0001ce9a   0x00000018   Code   RO         1251    i.tx_done_event     nrf_drv_uart.o
    0x0001ceb2   0x0001ceb2   0x00000128   Code   RO         1252    i.uart_irq_handler  nrf_drv_uart.o
    0x0001cfda   0x0001cfda   0x0000000a   Code   RO          568    i.uint16_encode     ble_advdata.o
    0x0001cfe4   0x0001cfe4   0x0000002c   Code   RO         1553    i.user_op_alloc     app_timer.o
    0x0001d010   0x0001d010   0x00000030   Code   RO          569    i.uuid_list_encode  ble_advdata.o
    0x0001d040   0x0001d040   0x000000ae   Code   RO          570    i.uuid_list_sized_encode  ble_advdata.o
    0x0001d0ee   0x0001d0ee   0x00000002   PAD
    0x0001d0f0   0x0001d0f0   0x00000004   Data   RO            8    .constdata          main.o
    0x0001d0f4   0x0001d0f4   0x00000008   Data   RO          307    .constdata          boards.o
    0x0001d0fc   0x0001d0fc   0x0000002c   Data   RO          415    .constdata          bsp.o
    0x0001d128   0x0001d128   0x00000004   Data   RO         1045    .constdata          nrf_drv_gpiote.o
    0x0001d12c   0x0001d12c   0x00000008   Data   RO         1411    .constdata          app_button.o
    0x0001d134   0x0001d134   0x00000020   Data   RO         2188    Region$$Table       anon$$obj.o


    Execution Region RW_IRAM1 (Exec base: 0x20001870, Load base: 0x0001d154, Size: 0x00000a50, Max: 0x00006790, ABSOLUTE)

    Exec Addr    Load Addr    Size         Type   Attr      Idx    E Section Name        Object

    0x20001870   0x0001d154   0x00000002   Data   RW            9    .data               main.o
    0x20001872   0x0001d156   0x00000002   PAD
    0x20001874   0x0001d158   0x00000014   Data   RW          416    .data               bsp.o
    0x20001888   0x0001d16c   0x00000014   Data   RW         1412    .data               app_button.o
    0x2000189c   0x0001d180   0x00000020   Data   RW         1554    .data               app_timer.o
    0x200018bc   0x0001d1a0   0x0000000c   Data   RW         1689    .data               app_util_platform.o
    0x200018c8   0x0001d1ac   0x00000014   Data   RW         1977    .data               softdevice_handler.o
    0x200018dc   0x0001d1c0   0x00000004   Data   RW         2114    .data               system_nrf51.o
    0x200018e0        -       0x000000d8   Zero   RW            7    .bss                main.o
    0x200019b8        -       0x00000020   Zero   RW          411    .bss                bsp.o
    0x200019d8        -       0x00000020   Zero   RW          412    .bss                bsp.o
    0x200019f8        -       0x0000000c   Zero   RW          413    .bss                bsp.o
    0x20001a04        -       0x00000020   Zero   RW          414    .bss                bsp.o
    0x20001a24        -       0x00000014   Zero   RW          806    .bss                nrf_drv_clock.o
    0x20001a38        -       0x00000048   Zero   RW         1044    .bss                nrf_drv_gpiote.o
    0x20001a80        -       0x0000001c   Zero   RW         1253    .bss                nrf_drv_uart.o
    0x20001a9c        -       0x00000020   Zero   RW         1410    .bss                app_button.o
    0x20001abc   0x0001d1c4   0x00000004   PAD
    0x20001ac0        -       0x00000800   Zero   RW         2100    STACK               arm_startup_nrf51.o


==============================================================================

Image component sizes


      Code (inc. data)   RO Data    RW Data    ZI Data      Debug   Object Name

       328         34          8         20         32       8806   app_button.o
        24          4          0          0          0       2185   app_error.o
        28         10          0          0          0       8542   app_error_weak.o
      1664        154          0         32          0      44903   app_timer.o
       104         20          0         12          0       7382   app_util_platform.o
        36          8          0          0          0       6364   appled.o
        56         18        192          0       2048        684   arm_startup_nrf51.o
      1368          6          0          0          0      62616   ble_advdata.o
       280         44          8          0          0      10673   boards.o
       856         86         44         20        108      16688   bsp.o
         0          0          0          0          0       4328   bsp_nfc.o
       484         52          4          2        216      78919   main.o
       276         38          0          0         20      15752   nrf_drv_clock.o
       104         18          0          0          0       8780   nrf_drv_common.o
      1154        100          4          0         72      27460   nrf_drv_gpiote.o
       454          8          0          0         28      15789   nrf_drv_uart.o
       552         70          0         20          0      22814   softdevice_handler.o
       248         78          0          4          0      15959   system_nrf51.o

    ----------------------------------------------------------------------
      8036        748        292        112       2528     358644   Object Totals
         0          0         32          0          0          0   (incl. Generated)
        20          0          0          2          4          0   (incl. Padding)

    ----------------------------------------------------------------------

      Code (inc. data)   RO Data    RW Data    ZI Data      Debug   Library Member Name

         0          0          0          0          0          0   entry.o
         0          0          0          0          0          0   entry10a.o
         0          0          0          0          0          0   entry11a.o
         8          4          0          0          0          0   entry2.o
         4          0          0          0          0          0   entry5.o
         0          0          0          0          0          0   entry7b.o
         0          0          0          0          0          0   entry8b.o
         8          4          0          0          0          0   entry9a.o
        30          0          0          0          0          0   handlers.o
        36          8          0          0          0         68   init.o
        36          0          0          0          0         60   memcpya.o
        36          0          0          0          0        100   memseta.o
        44          0          0          0          0         72   uidiv.o

    ----------------------------------------------------------------------
       204         16          0          0          0        300   Library Totals
         2          0          0          0          0          0   (incl. Padding)

    ----------------------------------------------------------------------

      Code (inc. data)   RO Data    RW Data    ZI Data      Debug   Library Name

       202         16          0          0          0        300   mc_p.l

    ----------------------------------------------------------------------
       204         16          0          0          0        300   Library Totals

    ----------------------------------------------------------------------

==============================================================================


      Code (inc. data)   RO Data    RW Data    ZI Data      Debug   

      8240        764        292        112       2528     354300   Grand Totals
      8240        764        292        112       2528     354300   ELF Image Totals
      8240        764        292        112          0          0   ROM Totals

==============================================================================

    Total RO  Size (Code + RO Data)                 8532 (   8.33kB)
    Total RW  Size (RW Data + ZI Data)              2640 (   2.58kB)
    Total ROM Size (Code + RO Data + RW Data)       8644 (   8.44kB)

==============================================================================

